Component: ARM Compiler 6.16 Tool: armlink [5dfea500]

==============================================================================

Loading Objects.

Loading object BUILD/DISCO_H747I/ARMC6/disco_h747i/CM7/Src/stm32h7xx_it.o.
              definition:  DSI_IRQHandler
              definition:  DebugMon_Handler
              reference :  HAL_DSI_IRQHandler
              reference :  HAL_LTDC_IRQHandler
              definition:  LTDC_ER_IRQHandler
              definition:  LTDC_IRQHandler
              definition:  NMI_Handler
              reference :  hlcd_dsi
              reference :  hlcd_ltdc
Loading object BUILD/DISCO_H747I/ARMC6/disco_h747i/Drivers/BSP/Components/adv7533/adv7533.o.
              definition:  ADV7533_AudioInit
              definition:  ADV7533_Configure
              definition:  ADV7533_DeInit
              definition:  ADV7533_DisplayOff
              definition:  ADV7533_DisplayOn
              definition:  ADV7533_DrawBitmap
              definition:  ADV7533_DrawHLine
              definition:  ADV7533_DrawVLine
              definition:  ADV7533_Driver
              definition:  ADV7533_FillRGBRect
              definition:  ADV7533_FillRect
              definition:  ADV7533_GetBrightness
              definition:  ADV7533_GetFrequency
              definition:  ADV7533_GetOrientation
              definition:  ADV7533_GetPixel
              definition:  ADV7533_GetProtocol
              definition:  ADV7533_GetResolution
              definition:  ADV7533_GetVolume
              definition:  ADV7533_GetXSize
              definition:  ADV7533_GetYSize
              definition:  ADV7533_Init
              definition:  ADV7533_LCD_Driver
              definition:  ADV7533_PatternDisable
              definition:  ADV7533_PatternEnable
              definition:  ADV7533_Pause
              definition:  ADV7533_Play
              definition:  ADV7533_ReadID
              definition:  ADV7533_RegisterBusIO
              definition:  ADV7533_Reset
              definition:  ADV7533_Resume
              definition:  ADV7533_SetBrightness
              definition:  ADV7533_SetCursor
              definition:  ADV7533_SetFrequency
              definition:  ADV7533_SetMute
              definition:  ADV7533_SetOrientation
              definition:  ADV7533_SetOutputMode
              definition:  ADV7533_SetPixel
              definition:  ADV7533_SetProtocol
              definition:  ADV7533_SetResolution
              definition:  ADV7533_SetVolume
              definition:  ADV7533_Stop
              reference :  adv7533_read_reg
              reference :  adv7533_write_reg
Loading object BUILD/DISCO_H747I/ARMC6/disco_h747i/Drivers/BSP/Components/adv7533/adv7533_reg.o.
              definition:  adv7533_read_reg
              definition:  adv7533_write_reg
Loading object BUILD/DISCO_H747I/ARMC6/disco_h747i/Drivers/BSP/Components/is42s32800j/is42s32800j.o.
              reference :  HAL_GetTick
              reference :  HAL_SDRAM_Init
              reference :  HAL_SDRAM_ProgramRefreshRate
              reference :  HAL_SDRAM_SendCommand
              definition:  IS42S32800J_ClockEnable
              definition:  IS42S32800J_EnterPowerMode
              definition:  IS42S32800J_ExitPowerMode
              definition:  IS42S32800J_Init
              definition:  IS42S32800J_ModeRegConfig
              definition:  IS42S32800J_Precharge
              definition:  IS42S32800J_RefreshMode
              definition:  IS42S32800J_RefreshRate
              definition:  IS42S32800J_Sendcmd
              definition:  IS42S32800J_TimingConfig
Loading object BUILD/DISCO_H747I/ARMC6/disco_h747i/Drivers/BSP/Components/otm8009a/otm8009a.o.
              definition:  OTM8009A_DeInit
              definition:  OTM8009A_DisplayOff
              definition:  OTM8009A_DisplayOn
              definition:  OTM8009A_DrawBitmap
              definition:  OTM8009A_DrawHLine
              definition:  OTM8009A_DrawVLine
              definition:  OTM8009A_FillRGBRect
              definition:  OTM8009A_FillRect
              definition:  OTM8009A_GetBrightness
              definition:  OTM8009A_GetOrientation
              definition:  OTM8009A_GetPixel
              definition:  OTM8009A_GetXSize
              definition:  OTM8009A_GetYSize
              definition:  OTM8009A_Init
              definition:  OTM8009A_LCD_Driver
              definition:  OTM8009A_ReadID
              definition:  OTM8009A_RegisterBusIO
              definition:  OTM8009A_SetBrightness
              definition:  OTM8009A_SetCursor
              definition:  OTM8009A_SetOrientation
              definition:  OTM8009A_SetPixel
              reference :  otm8009a_read_reg
              reference :  otm8009a_write_reg
Loading object BUILD/DISCO_H747I/ARMC6/disco_h747i/Drivers/BSP/Components/otm8009a/otm8009a_reg.o.
              definition:  otm8009a_read_reg
              definition:  otm8009a_write_reg
[...]
    0x08005eb2   0x00000006   PAD
    0x08005eb8   0x00000022   Code   RO         4827    .text._ZN4mbed8CallbackIFvvEEC2IPNS_14BufferedSerialEMS4_FvvELi0EEET_T0_  BUILD/DISCO_H747I/ARMC6/mbed-os/drivers/source/BufferedSerial.o
    0x08005eda   0x00000006   PAD
    0x08005ee0   0x00000012   Code   RO         5032    .text._ZN4mbed8CallbackIFvvEEaSEDn  BUILD/DISCO_H747I/ARMC6/mbed-os/drivers/source/CAN.o
    0x08005ef2   0x00000006   PAD
    0x08005ef8   0x00000004   Code   RO         8581    .text._ZN4mbed8FileBase11getPathTypeEv  BUILD/DISCO_H747I/ARMC6/mbed-os/platform/source/FileBase.o
    0x08005efc   0x00000004   PAD
    0x08005f00   0x000000a4   Code   RO         8587    .text._ZN4mbed8FileBase6lookupEPKcj  BUILD/DISCO_H747I/ARMC6/mbed-os/platform/source/FileBase.o
    0x08005fa4   0x00000004   PAD
    0x08005fa8   0x00000018   Code   RO         8630    .text._ZN4mbed8FilePath10fileSystemEv  BUILD/DISCO_H747I/ARMC6/mbed-os/platform/source/FilePath.o
    0x08005fc0   0x00000018   Code   RO         8628    .text._ZN4mbed8FilePath12isFileSystemEv  BUILD/DISCO_H747I/ARMC6/mbed-os/platform/source/FilePath.o
    0x08005fd8   0x00000018   Code   RO         8634    .text._ZN4mbed8FilePath4fileEv  BUILD/DISCO_H747I/ARMC6/mbed-os/platform/source/FilePath.o
    0x08005ff0   0x0000000a   Code   RO         8636    .text._ZN4mbed8FilePath6existsEv  BUILD/DISCO_H747I/ARMC6/mbed-os/platform/source/FilePath.o
    0x08005ffa   0x00000006   PAD
    0x08006000   0x00000016   Code   RO         8632    .text._ZN4mbed8FilePath6isFileEv  BUILD/DISCO_H747I/ARMC6/mbed-os/platform/source/FilePath.o
    0x08006016   0x00000002   PAD
    0x08006018   0x00000004   Code   RO         8626    .text._ZN4mbed8FilePath8fileNameEv  BUILD/DISCO_H747I/ARMC6/mbed-os/platform/source/FilePath.o
    0x0800601c   0x00000004   PAD
    0x08006020   0x0000008c   Code   RO         8624    .text._ZN4mbed8FilePathC2EPKc  BUILD/DISCO_H747I/ARMC6/mbed-os/platform/source/FilePath.o
    0x080060ac   0x00000004   PAD
    0x080060b0   0x00000008   Code   RO         4803    .text._ZN4mbed8callbackINS_14BufferedSerialES1_vJEEENS_8CallbackIFT1_DpT2_EEEPT0_MT_FS3_S5_E  BUILD/DISCO_H747I/ARMC6/mbed-os/drivers/source/BufferedSerial.o
    0x080060b8   0x0000002a   Code   RO         9228    .text._ZN4mbed8internal13init_os_timerEv  BUILD/DISCO_H747I/ARMC6/mbed-os/platform/source/mbed_os_timer.o
    0x080060e2   0x00000006   PAD
    0x080060e8   0x00000056   Code   RO         9247    .text._ZN4mbed8internal18do_sleep_operationINS0_18timed_predicate_opEEEvRT_  BUILD/DISCO_H747I/ARMC6/mbed-os/platform/source/mbed_os_timer.o
    0x0800613e   0x00000002   PAD
    0x08006140   0x00000020   Code   RO         9259    .text._ZN4mbed8internal18timed_predicate_op13sleep_prepareEv  BUILD/DISCO_H747I/ARMC6/mbed-os/platform/source/mbed_os_timer.o
    0x08006160   0x00000026   Code   RO         9261    .text._ZN4mbed8internal18timed_predicate_op14sleep_preparedEv  BUILD/DISCO_H747I/ARMC6/mbed-os/platform/source/mbed_os_timer.o
    0x08006186   0x00000002   PAD
    0x08006188   0x00000018   Code   RO         9245    .text._ZN4mbed8internal18timed_predicate_opC2ENSt3__26chrono10time_pointINS0_7OsClockENS3_8durationIxNS2_5ratioILx1ELx1000EEEEEEEPFbPvESB_  BUILD/DISCO_H747I/ARMC6/mbed-os/platform/source/mbed_os_timer.o
    0x080061a0   0x00000016   Code   RO         9249    .text._ZN4mbed8internal18timed_predicate_opD2Ev  BUILD/DISCO_H747I/ARMC6/mbed-os/platform/source/mbed_os_timer.o
    0x080061b6   0x00000002   PAD
    0x080061b8   0x0000002a   Code   RO         9230    .text._ZN4mbed8internal23do_timed_sleep_absoluteENSt3__26chrono10time_pointINS0_7OsClockENS2_8durationIxNS1_5ratioILx1ELx1000EEEEEEEPFbPvESA_  BUILD/DISCO_H747I/ARMC6/mbed-os/platform/source/mbed_os_timer.o
    0x080061e2   0x00000006   PAD
    0x080061e8   0x0000002e   Code   RO         9232    .text._ZN4mbed8internal45do_timed_sleep_relative_to_acknowledged_ticksENSt3__26chrono8durationIjNS1_5ratioILx1ELx1000EEEEEPFbPvES7_  BUILD/DISCO_H747I/ARMC6/mbed-os/platform/source/mbed_os_timer.o
    0x08006216   0x00000002   PAD
    0x08006218   0x00000016   Code   RO         9263    .text._ZN4mbed8internal7OsClock13set_wake_timeENSt3__26chrono10time_pointIS1_NS3_8durationIxNS2_5ratioILx1ELx1000EEEEEEE  BUILD/DISCO_H747I/ARMC6/mbed-os/platform/source/mbed_os_timer.o
    0x0800622e   0x00000002   PAD
    0x08006230   0x00000022   Code   RO         9255    .text._ZN4mbed8internal7OsClock14reported_ticksEv  BUILD/DISCO_H747I/ARMC6/mbed-os/platform/source/mbed_os_timer.o
    0x08006252   0x00000006   PAD
    0x08006258   0x0000002c   Code   RO         9253    .text._ZN4mbed8internal7OsClock18acknowledged_ticksEv  BUILD/DISCO_H747I/ARMC6/mbed-os/platform/source/mbed_os_timer.o
    0x08006284   0x00000004   PAD
    0x08006288   0x00000022   Code   RO         9251    .text._ZN4mbed8internal7OsClock18now_with_init_doneEv  BUILD/DISCO_H747I/ARMC6/mbed-os/platform/source/mbed_os_timer.o
    0x080062aa   0x00000006   PAD
    0x080062b0   0x0000001e   Code   RO         8771    .text._ZN4mbed8internal8SysTimerINSt3__25ratioILx1ELx1000EEELb1EE10start_tickEv  BUILD/DISCO_H747I/ARMC6/mbed-os/platform/source/SysTimer.o
    0x080062ce   0x00000002   PAD
    0x080062d0   0x00000014   Code   RO         8753    .text._ZN4mbed8internal8SysTimerINSt3__25ratioILx1ELx1000EEELb1EE11cancel_tickEv  BUILD/DISCO_H747I/ARMC6/mbed-os/platform/source/SysTimer.o
    0x080062e4   0x00000004   PAD
    0x080062e8   0x00000044   Code   RO         8755    .text._ZN4mbed8internal8SysTimerINSt3__25ratioILx1ELx1000EEELb1EE11cancel_wakeEv  BUILD/DISCO_H747I/ARMC6/mbed-os/platform/source/SysTimer.o
    0x0800632c   0x00000004   PAD
    0x08006330   0x000000f8   Code   RO         8759    .text._ZN4mbed8internal8SysTimerINSt3__25ratioILx1ELx1000EEELb1EE13set_wake_timeENS2_6chrono10time_pointIS5_NS6_8durationIyS4_EEEE  BUILD/DISCO_H747I/ARMC6/mbed-os/platform/source/SysTimer.o
    0x08006428   0x00000014   Code   RO         8775    .text._ZN4mbed8internal8SysTimerINSt3__25ratioILx1ELx1000EEELb1EE14_schedule_tickEv  BUILD/DISCO_H747I/ARMC6/mbed-os/platform/source/SysTimer.o
    0x0800643c   0x00000004   PAD
    0x08006440   0x00000006   Code   RO         8757    .text._ZN4mbed8internal8SysTimerINSt3__25ratioILx1ELx1000EEELb1EE14get_irq_numberEv  BUILD/DISCO_H747I/ARMC6/mbed-os/platform/source/SysTimer.o
    0x08006446   0x00000002   PAD
    0x08006448   0x00000026   Code   RO         8795    .text._ZN4mbed8internal8SysTimerINSt3__25ratioILx1ELx1000EEELb1EE15_increment_tickEv  BUILD/DISCO_H747I/ARMC6/mbed-os/platform/source/SysTimer.o
    0x0800646e   0x00000002   PAD
    0x08006470   0x00000010   Code   RO         8773    .text._ZN4mbed8internal8SysTimerINSt3__25ratioILx1ELx1000EEELb1EE16_set_irq_pendingEv  BUILD/DISCO_H747I/ARMC6/mbed-os/platform/source/SysTimer.o
    0x08006480   0x00000016   Code   RO         8777    .text._ZN4mbed8internal8SysTimerINSt3__25ratioILx1ELx1000EEELb1EE16acknowledge_tickEv  BUILD/DISCO_H747I/ARMC6/mbed-os/platform/source/SysTimer.o
    0x08006496   0x00000002   PAD
    0x08006498   0x00000010   Code   RO         8781    .text._ZN4mbed8internal8SysTimerINSt3__25ratioILx1ELx1000EEELb1EE18_clear_irq_pendingEv  BUILD/DISCO_H747I/ARMC6/mbed-os/platform/source/SysTimer.o
    0x080064a8   0x00000074   Code   RO         8761    .text._ZN4mbed8internal8SysTimerINSt3__25ratioILx1ELx1000EEELb1EE19update_and_get_tickEv  BUILD/DISCO_H747I/ARMC6/mbed-os/platform/source/SysTimer.o
    0x0800651c   0x00000004   PAD
    0x08006520   0x00000046   Code   RO         8793    .text._ZN4mbed8internal8SysTimerINSt3__25ratioILx1ELx1000EEELb1EE7handlerEv  BUILD/DISCO_H747I/ARMC6/mbed-os/platform/source/SysTimer.o
    0x08006566   0x00000002   PAD
    0x08006568   0x0000003a   Code   RO         8749    .text._ZN4mbed8internal8SysTimerINSt3__25ratioILx1ELx1000EEELb1EEC2EPK13ticker_data_t  BUILD/DISCO_H747I/ARMC6/mbed-os/platform/source/SysTimer.o
    0x080065a2   0x00000006   PAD
    0x080065a8   0x00000016   Code   RO         4845    .text._ZN4mstd4impl6INVOKEIN4mbed14BufferedSerialEFvvERKPS3_JEEENSt3__29enable_ifIXaaaasr3std11is_functionIT0_EE5valuentsr3std10is_base_ofIT_NS8_5decayIT1_E4typeEEE5valuentsr20is_reference_wrapperISF_EE5valueEDTcldsdeclsr3stdE7forwardISD_Efp0_Efp_spclsr3stdE7forwardIT2_Efp1_EEEE4typeEMSB_SA_OSD_DpOSG_  BUILD/DISCO_H747I/ARMC6/mbed-os/drivers/source/BufferedSerial.o
    0x080065be   0x00000002   PAD
    0x080065c0   0x00000008   Code   RO         4837    .text._ZN4mstd4impl6INVOKEIRZN4mbed8CallbackIFvvEEC1IPNS2_14BufferedSerialEMS7_FvvELi0EEET_T0_EUlvE_JEEENSt3__29enable_ifIXoontsr3std17is_member_pointerINSF_5decayISB_E4typeEEE5valueaasr3std24is_member_object_pointerISJ_EE5valuenesZfp0_Li1EEDTclclsr3stdE7forwardISB_Efp_Espclsr3stdE7forwardIT0_Efp0_EEEE4typeEOSB_DpOSK_  BUILD/DISCO_H747I/ARMC6/mbed-os/drivers/source/BufferedSerial.o
    0x080065c8   0x00000010   Code   RO         4843    .text._ZN4mstd6invokeIRKMN4mbed14BufferedSerialEFvvEJRKPS2_EEENS_13invoke_resultIT_JDpT0_EE4typeEOSB_DpOSC_  BUILD/DISCO_H747I/ARMC6/mbed-os/drivers/source/BufferedSerial.o
    0x080065d8   0x00000008   Code   RO         4835    .text._ZN4mstd6invokeIRZN4mbed8CallbackIFvvEEC1IPNS1_14BufferedSerialEMS6_FvvELi0EEET_T0_EUlvE_JEEENS_13invoke_resultISA_JDpT0_EE4typeEOSA_DpOSF_  BUILD/DISCO_H747I/ARMC6/mbed-os/drivers/source/BufferedSerial.o
    0x080065e0   0x0000002a   Code   RO         9982    .text._ZN4rtos10ThisThread9sleep_forENSt3__26chrono8durationIjNS1_5ratioILx1ELx1000EEEEE  BUILD/DISCO_H747I/ARMC6/mbed-os/rtos/source/ThisThread.o
    0x0800660a   0x00000006   PAD
    0x08006610   0x000000a4   Code   RO         9888    .text._ZN4rtos5Mutex11constructorEPKc  BUILD/DISCO_H747I/ARMC6/mbed-os/rtos/source/Mutex.o
    0x080066b4   0x00000004   PAD
    0x080066b8   0x00000044   Code   RO         9892    .text._ZN4rtos5Mutex4lockEv  BUILD/DISCO_H747I/ARMC6/mbed-os/rtos/source/Mutex.o
    0x080066fc   0x00000004   PAD
    0x08006700   0x0000004c   Code   RO         9904    .text._ZN4rtos5Mutex6unlockEv  BUILD/DISCO_H747I/ARMC6/mbed-os/rtos/source/Mutex.o
    0x0800674c   0x00000004   PAD
    0x08006750   0x0000000e   Code   RO         9886    .text._ZN4rtos5MutexC2Ev  BUILD/DISCO_H747I/ARMC6/mbed-os/rtos/source/Mutex.o
    0x0800675e   0x00000002   PAD
    0x08006760   0x0000000e   Code   RO         9908    .text._ZN4rtos5MutexD2Ev  BUILD/DISCO_H747I/ARMC6/mbed-os/rtos/source/Mutex.o
    0x0800676e   0x00000002   PAD
    0x08006770   0x0000004c   Code   RO         5634    .text._ZNK12SingletonPtrIN4rtos5MutexEE3getEv  BUILD/DISCO_H747I/ARMC6/mbed-os/drivers/source/SPI.o
    0x080067bc   0x00000004   PAD
    0x080067c0   0x00000008   Code   RO         1880    .text._ZNK12SingletonPtrIN4rtos5MutexEEptEv  BUILD/DISCO_H747I/ARMC6/mbed-os/connectivity/mbedtls/platform/src/mbed_trng.o
    0x080067c8   0x00000004   Code   RO         5930    .text._ZNK4mbed10FileHandle11is_blockingEv  BUILD/DISCO_H747I/ARMC6/mbed-os/drivers/source/UnbufferedSerial.o
    0x080067cc   0x00000004   PAD
    0x080067d0   0x00000004   Code   RO         6911    .text._ZNK4mbed10FileHandle4pollEs  BUILD/DISCO_H747I/ARMC6/mbed-os/drivers/usb/source/USBKeyboard.o
    0x080067d4   0x00000004   PAD
    0x080067d8   0x00000006   Code   RO         4815    .text._ZNK4mbed14BufferedSerial11is_blockingEv  BUILD/DISCO_H747I/ARMC6/mbed-os/drivers/source/BufferedSerial.o
    0x080067de   0x00000002   PAD
    0x080067e0   0x00000018   Code   RO         4769    .text._ZNK4mbed14BufferedSerial3hupEv  BUILD/DISCO_H747I/ARMC6/mbed-os/drivers/source/BufferedSerial.o
    0x080067f8   0x0000002e   Code   RO         4751    .text._ZNK4mbed14BufferedSerial4pollEs  BUILD/DISCO_H747I/ARMC6/mbed-os/drivers/source/BufferedSerial.o
    0x08006826   0x00000002   PAD
    0x08006828   0x00000018   Code   RO         4847    .text._ZNK4mbed14CircularBufferIcLj256EjE18non_critical_emptyEv  BUILD/DISCO_H747I/ARMC6/mbed-os/drivers/source/BufferedSerial.o
    0x08006840   0x00000006   Code   RO         4807    .text._ZNK4mbed14CircularBufferIcLj256EjE4fullEv  BUILD/DISCO_H747I/ARMC6/mbed-os/drivers/source/BufferedSerial.o
    0x08006846   0x00000002   PAD
    0x08006848   0x00000018   Code   RO         4805    .text._ZNK4mbed14CircularBufferIcLj256EjE5emptyEv  BUILD/DISCO_H747I/ARMC6/mbed-os/drivers/source/BufferedSerial.o
    0x08006860   0x00000010   Code   RO         5756    .text._ZNK4mbed15TickerDataClock3nowEv  BUILD/DISCO_H747I/ARMC6/mbed-os/drivers/source/Ticker.o
    0x08006870   0x00000004   Code   RO         8765    .text._ZNK4mbed15TickerDataClockptEv  BUILD/DISCO_H747I/ARMC6/mbed-os/platform/source/SysTimer.o
    0x08006874   0x00000004   PAD
    0x08006878   0x00000004   Code   RO          734    .text._ZNK4mbed6detail12CallbackBase7call_fnEv  BUILD/DISCO_H747I/ARMC6/disco_h747i/Wrappers/joystick.o
    0x0800687c   0x00000004   PAD
    0x08006880   0x00000004   Code   RO          730    .text._ZNK4mbed6detail12CallbackBase7controlEv  BUILD/DISCO_H747I/ARMC6/disco_h747i/Wrappers/joystick.o
    0x08006884   0x00000004   PAD
    0x08006888   0x00000034   Code   RO         6292    .text._ZNK4mbed8CallbackIFvvEE4callEv  BUILD/DISCO_H747I/ARMC6/mbed-os/drivers/usb/source/USBAudio.o
    0x080068bc   0x00000004   PAD
    0x080068c0   0x00000008   Code   RO          702    .text._ZNK4mbed8CallbackIFvvEEclEv  BUILD/DISCO_H747I/ARMC6/disco_h747i/Wrappers/joystick.o
    0x080068c8   0x00000010   Code   RO          728    .text._ZNK4mbed8CallbackIFvvEEcvbEv  BUILD/DISCO_H747I/ARMC6/disco_h747i/Wrappers/joystick.o
    0x080068d8   0x00000020   Code   RO         9257    .text._ZNK4mbed8internal18timed_predicate_op14wake_conditionEv  BUILD/DISCO_H747I/ARMC6/mbed-os/platform/source/mbed_os_timer.o
    0x080068f8   0x00000006   Code   RO         8769    .text._ZNK4mbed8internal8SysTimerINSt3__25ratioILx1ELx1000EEELb1EE13wake_time_setEv  BUILD/DISCO_H747I/ARMC6/mbed-os/platform/source/SysTimer.o
    0x080068fe   0x00000002   PAD
    0x08006900   0x00000066   Code   RO         8787    .text._ZNK4mbed8internal8SysTimerINSt3__25ratioILx1ELx1000EEELb1EE14_elapsed_ticksEv  BUILD/DISCO_H747I/ARMC6/mbed-os/platform/source/SysTimer.o
    0x08006966   0x00000002   PAD
    0x08006968   0x00000006   Code   RO         8767    .text._ZNK4mbed8internal8SysTimerINSt3__25ratioILx1ELx1000EEELb1EE16wake_time_passedEv  BUILD/DISCO_H747I/ARMC6/mbed-os/platform/source/SysTimer.o
    0x0800696e   0x00000002   PAD
    0x08006970   0x00000004   Code   RO         8785    .text._ZNK4mbed8internal8SysTimerINSt3__25ratioILx1ELx1000EEELb1EE20unacknowledged_ticksEv  BUILD/DISCO_H747I/ARMC6/mbed-os/platform/source/SysTimer.o
    0x08006974   0x00000004   PAD
    0x08006978   0x00000012   Code   RO         8763    .text._ZNK4mbed8internal8SysTimerINSt3__25ratioILx1ELx1000EEELb1EE8get_tickEv  BUILD/DISCO_H747I/ARMC6/mbed-os/platform/source/SysTimer.o
    0x0800698a   0x00000006   PAD
    0x08006990   0x00000006   Code   RO          834    .text._ZNSt3__28literals15chrono_literalsli2msEy  BUILD/DISCO_H747I/ARMC6/main.o
    0x08006996   0x00000002   PAD
    0x08006998   0x0000000c   Code   RO         4781    .text._ZThn124_N4mbed14BufferedSerial12enable_inputEb  BUILD/DISCO_H747I/ARMC6/mbed-os/drivers/source/BufferedSerial.o
    0x080069a4   0x00000004   PAD
    0x080069a8   0x00000006   Code   RO         4823    .text._ZThn124_N4mbed14BufferedSerial12set_blockingEb  BUILD/DISCO_H747I/ARMC6/mbed-os/drivers/source/BufferedSerial.o
    0x080069ae   0x00000002   PAD
    0x080069b0   0x0000000c   Code   RO         4785    .text._ZThn124_N4mbed14BufferedSerial13enable_outputEb  BUILD/DISCO_H747I/ARMC6/mbed-os/drivers/source/BufferedSerial.o
    0x080069bc   0x00000004   PAD
    0x080069c0   0x00000006   Code   RO         4767    .text._ZThn124_N4mbed14BufferedSerial4readEPvj  BUILD/DISCO_H747I/ARMC6/mbed-os/drivers/source/BufferedSerial.o
    0x080069c6   0x00000002   PAD
    0x080069c8   0x0000000a   Code   RO         4743    .text._ZThn124_N4mbed14BufferedSerial4seekEli  BUILD/DISCO_H747I/ARMC6/mbed-os/drivers/source/BufferedSerial.o
    0x080069d2   0x00000006   PAD
    0x080069d8   0x0000000c   Code   RO         4747    .text._ZThn124_N4mbed14BufferedSerial4syncEv  BUILD/DISCO_H747I/ARMC6/mbed-os/drivers/source/BufferedSerial.o
    0x080069e4   0x00000004   PAD
    0x080069e8   0x00000004   Code   RO         4735    .text._ZThn124_N4mbed14BufferedSerial5closeEv  BUILD/DISCO_H747I/ARMC6/mbed-os/drivers/source/BufferedSerial.o
    0x080069ec   0x00000004   PAD
    0x080069f0   0x00000016   Code   RO         4753    .text._ZThn124_N4mbed14BufferedSerial5sigioENS_8CallbackIFvvEEE  BUILD/DISCO_H747I/ARMC6/mbed-os/drivers/source/BufferedSerial.o
    0x08006a06   0x00000002   PAD
    0x08006a08   0x00000006   Code   RO         4763    .text._ZThn124_N4mbed14BufferedSerial5writeEPKvj  BUILD/DISCO_H747I/ARMC6/mbed-os/drivers/source/BufferedSerial.o
    0x08006a0e   0x00000002   PAD
    0x08006a10   0x00000004   Code   RO         4739    .text._ZThn124_N4mbed14BufferedSerial6isattyEv  BUILD/DISCO_H747I/ARMC6/mbed-os/drivers/source/BufferedSerial.o
    0x08006a14   0x00000004   PAD
    0x08006a18   0x00000006   Code   RO         4715    .text._ZThn124_N4mbed14BufferedSerialD0Ev  BUILD/DISCO_H747I/ARMC6/mbed-os/drivers/source/BufferedSerial.o
    0x08006a1e   0x00000002   PAD
    0x08006a20   0x00000006   Code   RO         4711    .text._ZThn124_N4mbed14BufferedSerialD1Ev  BUILD/DISCO_H747I/ARMC6/mbed-os/drivers/source/BufferedSerial.o
    0x08006a26   0x00000002   PAD
    0x08006a28   0x00000006   Code   RO         4825    .text._ZThn124_NK4mbed14BufferedSerial11is_blockingEv  BUILD/DISCO_H747I/ARMC6/mbed-os/drivers/source/BufferedSerial.o
    0x08006a2e   0x00000002   PAD
    0x08006a30   0x00000008   Code   RO         4771    .text._ZThn124_NK4mbed14BufferedSerial4pollEs  BUILD/DISCO_H747I/ARMC6/mbed-os/drivers/source/BufferedSerial.o
    0x08006a38   0x0000000c   Code   RO         4839    .text._ZZN4mbed8CallbackIFvvEEC1IPNS_14BufferedSerialEMS4_FvvELi0EEET_T0_ENKUlvE_clEv  BUILD/DISCO_H747I/ARMC6/mbed-os/drivers/source/BufferedSerial.o
    0x08006a44   0x00000004   PAD
    0x08006a48   0x00000008   Code   RO         9407    .text._ZdlPv        BUILD/DISCO_H747I/ARMC6/mbed-os/platform/source/mbed_retarget.o
    0x08006a50   0x00000048   Code   RO         9461    .text._Znaj         BUILD/DISCO_H747I/ARMC6/mbed-os/platform/source/mbed_retarget.o
    0x08006a98   0x00000010   Code   RO        19056    .text.__NVIC_ClearPendingIRQ  BUILD/DISCO_H747I/ARMC6/mbed-os/targets/TARGET_STM/lp_ticker.o
    0x08006aa8   0x00000024   Code   RO        18671    .text.__NVIC_DisableIRQ  BUILD/DISCO_H747I/ARMC6/mbed-os/targets/TARGET_STM/TARGET_STM32H7/serial_device.o
    0x08006acc   0x00000004   PAD
    0x08006ad0   0x00000018   Code   RO        19054    .text.__NVIC_DisableIRQ  BUILD/DISCO_H747I/ARMC6/mbed-os/targets/TARGET_STM/lp_ticker.o
    0x08006ae8   0x0000001c   Code   RO        18669    .text.__NVIC_EnableIRQ  BUILD/DISCO_H747I/ARMC6/mbed-os/targets/TARGET_STM/TARGET_STM32H7/serial_device.o
    0x08006b04   0x00000004   PAD
    0x08006b08   0x00000010   Code   RO        19046    .text.__NVIC_EnableIRQ  BUILD/DISCO_H747I/ARMC6/mbed-os/targets/TARGET_STM/lp_ticker.o
    0x08006b18   0x00000010   Code   RO        19578    .text.__NVIC_EnableIRQ  BUILD/DISCO_H747I/ARMC6/mbed-os/targets/TARGET_STM/us_ticker.o
    0x08006b28   0x00000010   Code   RO         1082    .text.__NVIC_GetPriorityGrouping  BUILD/DISCO_H747I/ARMC6/mbed-os/cmsis/CMSIS_5/CMSIS/RTOS2/RTX/Source/rtx_kernel.o
    0x08006b38   0x00000010   Code   RO        19052    .text.__NVIC_SetPendingIRQ  BUILD/DISCO_H747I/ARMC6/mbed-os/targets/TARGET_STM/lp_ticker.o
    0x08006b48   0x00000020   Code   RO        12326    .text.__NVIC_SetPriorityGrouping  BUILD/DISCO_H747I/ARMC6/mbed-os/targets/TARGET_STM/TARGET_STM32H7/STM32Cube_FW/STM32H7xx_HAL_Driver/stm32h7xx_hal_cortex.o
    0x08006b68   0x00000018   Code   RO        18667    .text.__NVIC_SetVector  BUILD/DISCO_H747I/ARMC6/mbed-os/targets/TARGET_STM/TARGET_STM32H7/serial_device.o
    0x08006b80   0x0000001c   Code   RO        19038    .text.__NVIC_SetVector  BUILD/DISCO_H747I/ARMC6/mbed-os/targets/TARGET_STM/lp_ticker.o
    0x08006b9c   0x00000004   PAD
    0x08006ba0   0x0000001c   Code   RO        19576    .text.__NVIC_SetVector  BUILD/DISCO_H747I/ARMC6/mbed-os/targets/TARGET_STM/us_ticker.o
    0x08006bbc   0x00000004   PAD
    0x08006bc0   0x0000006c   Code   RO         9449    .text.__cxa_guard_acquire  BUILD/DISCO_H747I/ARMC6/mbed-os/platform/source/mbed_retarget.o
    0x08006c2c   0x00000004   PAD
    0x08006c30   0x00000036   Code   RO         9455    .text.__cxa_guard_release  BUILD/DISCO_H747I/ARMC6/mbed-os/platform/source/mbed_retarget.o
    0x08006c66   0x00000002   PAD
    0x08006c68   0x00000028   Code   RO        19874    .text.__cxa_pure_virtual  /home/jojo/.config/Mbed Studio/mbed-studio-tools/ac6/bin/../lib/libcxx/libcppabi_w.l(cxa_virtual.cpp.o)
    0x08006c90   0x00000012   Code   RO        10120    .text.__cxx_global_var_init  BUILD/DISCO_H747I/ARMC6/mbed-os/storage/blockdevice/COMPONENT_QSPIF/source/QSPIFBlockDevice.o
    0x08006ca2   0x00000006   PAD
    0x08006ca8   0x0000004e   Code   RO         1706    .text.__rt_entry    BUILD/DISCO_H747I/ARMC6/mbed-os/cmsis/device/rtos/TOOLCHAIN_ARM_STD/mbed_boot_arm_std.o
    0x08006cf6   0x00000002   PAD
    0x08006cf8   0x00000056   Code   RO         1710    .text.__user_perthread_libspace  BUILD/DISCO_H747I/ARMC6/mbed-os/cmsis/device/rtos/TOOLCHAIN_ARM_STD/mbed_boot_arm_std.o
    0x08006d4e   0x00000002   PAD
    0x08006d50   0x00000008   Code   RO         9385    .text.__user_setup_stackheap  BUILD/DISCO_H747I/ARMC6/mbed-os/platform/source/mbed_retarget.o
    0x08006d58   0x00000030   Code   RO         8139    .text._gpio_init_out  BUILD/DISCO_H747I/ARMC6/mbed-os/hal/source/mbed_gpio.o
    0x08006d88   0x00000034   Code   RO         9381    .text._mbed_user_setup_stackheap  BUILD/DISCO_H747I/ARMC6/mbed-os/platform/source/mbed_retarget.o
    0x08006dbc   0x00000004   PAD
    0x08006dc0   0x0000001a   Code   RO         1716    .text._mutex_acquire  BUILD/DISCO_H747I/ARMC6/mbed-os/cmsis/device/rtos/TOOLCHAIN_ARM_STD/mbed_boot_arm_std.o
    0x08006dda   0x00000006   PAD
    0x08006de0   0x00000040   Code   RO         1720    .text._mutex_free   BUILD/DISCO_H747I/ARMC6/mbed-os/cmsis/device/rtos/TOOLCHAIN_ARM_STD/mbed_boot_arm_std.o
    0x08006e20   0x000000a0   Code   RO         1714    .text._mutex_initialize  BUILD/DISCO_H747I/ARMC6/mbed-os/cmsis/device/rtos/TOOLCHAIN_ARM_STD/mbed_boot_arm_std.o
    0x08006ec0   0x00000016   Code   RO         1718    .text._mutex_release  BUILD/DISCO_H747I/ARMC6/mbed-os/cmsis/device/rtos/TOOLCHAIN_ARM_STD/mbed_boot_arm_std.o
    0x08006ed6   0x00000002   PAD
    0x08006ed8   0x00000008   Code   RO         1116    .text._platform_post_stackheap_init  BUILD/DISCO_H747I/ARMC6/mbed-os/cmsis/CMSIS_5/CMSIS/RTOS2/RTX/Source/rtx_lib.o
    0x08006ee0   0x0000026c   Code   RO        19315    .text._serial_init_direct  BUILD/DISCO_H747I/ARMC6/mbed-os/targets/TARGET_STM/serial_api.o
    0x0800714c   0x00000004   PAD
    0x08007150   0x00000008   Code   RO         9349    .text._sys_close    BUILD/DISCO_H747I/ARMC6/mbed-os/platform/source/mbed_retarget.o
    0x08007158   0x00000002   Code   RO         9359    .text._sys_exit     BUILD/DISCO_H747I/ARMC6/mbed-os/platform/source/mbed_retarget.o
    0x0800715a   0x00000006   PAD
    0x08007160   0x0000002a   Code   RO         9379    .text._sys_flen     BUILD/DISCO_H747I/ARMC6/mbed-os/platform/source/mbed_retarget.o
    0x0800718a   0x00000006   PAD
    0x08007190   0x00000008   Code   RO         9367    .text._sys_istty    BUILD/DISCO_H747I/ARMC6/mbed-os/platform/source/mbed_retarget.o
    0x08007198   0x0000006a   Code   RO         9341    .text._sys_open     BUILD/DISCO_H747I/ARMC6/mbed-os/platform/source/mbed_retarget.o
    0x08007202   0x00000006   PAD
    0x08007208   0x0000000a   Code   RO         9369    .text._sys_seek     BUILD/DISCO_H747I/ARMC6/mbed-os/platform/source/mbed_retarget.o
    0x08007212   0x00000006   PAD
    0x08007218   0x0000017c   Code   RO         9353    .text._sys_write    BUILD/DISCO_H747I/ARMC6/mbed-os/platform/source/mbed_retarget.o
    0x08007394   0x00000004   PAD
    0x08007398   0x00000030   Code   RO         8248    .text._ticker_match_interval_passed  BUILD/DISCO_H747I/ARMC6/mbed-os/hal/source/mbed_ticker_api.o
    0x080073c8   0x00000018   Code   RO         9361    .text._ttywrch      BUILD/DISCO_H747I/ARMC6/mbed-os/platform/source/mbed_retarget.o
    0x080073e0   0x00000008   Code   RO         9592    .text._wait_us_inline  BUILD/DISCO_H747I/ARMC6/mbed-os/platform/source/mbed_wait_api_no_rtos.o
    0x080073e8   0x00000016   Code   RO         9594    .text._wait_us_ticks  BUILD/DISCO_H747I/ARMC6/mbed-os/platform/source/mbed_wait_api_no_rtos.o
    0x080073fe   0x00000004   Code   RO        20054    .text.abort_message  /home/jojo/.config/Mbed Studio/mbed-studio-tools/ac6/bin/../lib/libcxx/libcppabi_w.l(abort_message.cpp.o)
    0x08007402   0x00000006   PAD
    0x08007408   0x0000000c   Code   RO         8103    .text.are_interrupts_enabled  BUILD/DISCO_H747I/ARMC6/mbed-os/hal/source/mbed_critical_section_api.o
    0x08007414   0x00000004   PAD
    0x08007418   0x00000026   Code   RO         1551    .text.atomic_chk32_all  BUILD/DISCO_H747I/ARMC6/mbed-os/cmsis/CMSIS_5/CMSIS/RTOS2/RTX/Source/rtx_thread.o
    0x0800743e   0x00000002   PAD
    0x08007440   0x00000022   Code   RO         1553    .text.atomic_chk32_any  BUILD/DISCO_H747I/ARMC6/mbed-os/cmsis/CMSIS_5/CMSIS/RTOS2/RTX/Source/rtx_thread.o
    0x08007462   0x00000006   PAD
    0x08007468   0x00000024   Code   RO         1433    .text.atomic_dec16_nz  BUILD/DISCO_H747I/ARMC6/mbed-os/cmsis/CMSIS_5/CMSIS/RTOS2/RTX/Source/rtx_system.o
    0x0800748c   0x00000004   PAD
    0x08007490   0x00000010   Code   RO         1167    .text.atomic_dec32  BUILD/DISCO_H747I/ARMC6/mbed-os/cmsis/CMSIS_5/CMSIS/RTOS2/RTX/Source/rtx_mempool.o
    0x080074a0   0x0000001a   Code   RO         1289    .text.atomic_dec32_nz  BUILD/DISCO_H747I/ARMC6/mbed-os/cmsis/CMSIS_5/CMSIS/RTOS2/RTX/Source/rtx_msgqueue.o
    0x080074ba   0x00000006   PAD
    0x080074c0   0x0000001a   Code   RO         1435    .text.atomic_inc16_lim  BUILD/DISCO_H747I/ARMC6/mbed-os/cmsis/CMSIS_5/CMSIS/RTOS2/RTX/Source/rtx_system.o
    0x080074da   0x00000006   PAD
    0x080074e0   0x00000028   Code   RO         1439    .text.atomic_inc16_lt  BUILD/DISCO_H747I/ARMC6/mbed-os/cmsis/CMSIS_5/CMSIS/RTOS2/RTX/Source/rtx_system.o
    0x08007508   0x00000010   Code   RO         1161    .text.atomic_inc32  BUILD/DISCO_H747I/ARMC6/mbed-os/cmsis/CMSIS_5/CMSIS/RTOS2/RTX/Source/rtx_mempool.o
    0x08007518   0x00000010   Code   RO         1279    .text.atomic_inc32  BUILD/DISCO_H747I/ARMC6/mbed-os/cmsis/CMSIS_5/CMSIS/RTOS2/RTX/Source/rtx_msgqueue.o
    0x08007528   0x0000001a   Code   RO         1159    .text.atomic_link_get  BUILD/DISCO_H747I/ARMC6/mbed-os/cmsis/CMSIS_5/CMSIS/RTOS2/RTX/Source/rtx_mempool.o
    0x08007542   0x00000006   PAD
    0x08007548   0x0000001e   Code   RO         1165    .text.atomic_link_put  BUILD/DISCO_H747I/ARMC6/mbed-os/cmsis/CMSIS_5/CMSIS/RTOS2/RTX/Source/rtx_mempool.o
    0x08007566   0x00000002   PAD
    0x08007568   0x00000012   Code   RO         1291    .text.atomic_wr8    BUILD/DISCO_H747I/ARMC6/mbed-os/cmsis/CMSIS_5/CMSIS/RTOS2/RTX/Source/rtx_msgqueue.o
    0x0800757a   0x00000006   PAD
    0x08007580   0x00000002   Code   RO         8304    .text.block_us_ticker_free  BUILD/DISCO_H747I/ARMC6/mbed-os/hal/source/mbed_us_ticker_api.o
    0x08007582   0x00000006   PAD
    0x08007588   0x00000114   Code   RO        18779    .text.can_irq       BUILD/DISCO_H747I/ARMC6/mbed-os/targets/TARGET_STM/can_api.o
    0x0800769c   0x00000004   PAD
    0x080076a0   0x0000003e   Code   RO         9351    .text.close         BUILD/DISCO_H747I/ARMC6/mbed-os/platform/source/mbed_retarget.o
    0x080076de   0x00000002   PAD
    0x080076e0   0x00000068   Code   RO         8288    .text.compute_tick_round_up  BUILD/DISCO_H747I/ARMC6/mbed-os/hal/source/mbed_ticker_api.o
    0x08007748   0x0000002c   Code   RO        19129    .text.configure_dualpad_switch  BUILD/DISCO_H747I/ARMC6/mbed-os/targets/TARGET_STM/pinmap.o
    0x08007774   0x00000004   PAD
    0x08007778   0x0000000c   Code   RO         9069    .text.core_util_are_interrupts_enabled  BUILD/DISCO_H747I/ARMC6/mbed-os/platform/source/mbed_critical.o
    0x08007784   0x00000004   PAD
    0x08007788   0x00000012   Code   RO         8960    .text.core_util_atomic_decr_u16  BUILD/DISCO_H747I/ARMC6/mbed-os/platform/source/mbed_atomic_impl.o
    0x0800779a   0x00000006   PAD
    0x080077a0   0x00000012   Code   RO         8962    .text.core_util_atomic_decr_u32  BUILD/DISCO_H747I/ARMC6/mbed-os/platform/source/mbed_atomic_impl.o
    0x080077b2   0x00000006   PAD
    0x080077b8   0x00000010   Code   RO         8946    .text.core_util_atomic_exchange_u8  BUILD/DISCO_H747I/ARMC6/mbed-os/platform/source/mbed_atomic_impl.o
    0x080077c8   0x00000016   Code   RO         8944    .text.core_util_atomic_flag_test_and_set  BUILD/DISCO_H747I/ARMC6/mbed-os/platform/source/mbed_atomic_impl.o
    0x080077de   0x00000002   PAD
    0x080077e0   0x00000012   Code   RO         8954    .text.core_util_atomic_incr_u16  BUILD/DISCO_H747I/ARMC6/mbed-os/platform/source/mbed_atomic_impl.o
    0x080077f2   0x00000006   PAD
    0x080077f8   0x00000016   Code   RO         9006    .text.core_util_atomic_load_u64  BUILD/DISCO_H747I/ARMC6/mbed-os/platform/source/mbed_atomic_impl.o
    0x0800780e   0x00000002   PAD
    0x08007810   0x00000088   Code   RO         9075    .text.core_util_critical_section_enter  BUILD/DISCO_H747I/ARMC6/mbed-os/platform/source/mbed_critical.o
    0x08007898   0x0000001c   Code   RO         9077    .text.core_util_critical_section_exit  BUILD/DISCO_H747I/ARMC6/mbed-os/platform/source/mbed_critical.o
    0x080078b4   0x00000004   PAD
    0x080078b8   0x00000008   Code   RO         9073    .text.core_util_in_critical_section  BUILD/DISCO_H747I/ARMC6/mbed-os/platform/source/mbed_critical.o
    0x080078c0   0x0000000c   Code   RO         9071    .text.core_util_is_isr_active  BUILD/DISCO_H747I/ARMC6/mbed-os/platform/source/mbed_critical.o
    0x080078cc   0x00000004   PAD
    0x080078d0   0x00000054   Code   RO        19327    .text.debug         BUILD/DISCO_H747I/ARMC6/mbed-os/targets/TARGET_STM/serial_api.o
    0x08007924   0x00000004   PAD
    0x08007928   0x00000068   Code   RO         9087    .text.error         BUILD/DISCO_H747I/ARMC6/mbed-os/platform/source/mbed_error.o
    0x08007990   0x00000034   Code   RO         1809    .text.error_msg     BUILD/DISCO_H747I/ARMC6/mbed-os/cmsis/device/rtos/source/mbed_rtx_handlers.o
    0x080079c4   0x00000004   PAD
    0x080079c8   0x00000016   Code   RO         8286    .text.exact_log2    BUILD/DISCO_H747I/ARMC6/mbed-os/hal/source/mbed_ticker_api.o
    0x080079de   0x00000002   PAD
    0x080079e0   0x0000002e   Code   RO         9425    .text.exit          BUILD/DISCO_H747I/ARMC6/mbed-os/platform/source/mbed_retarget.o
    0x08007a0e   0x00000002   PAD
    0x08007a10   0x0000002c   Code   RO         9377    .text.fsync         BUILD/DISCO_H747I/ARMC6/mbed-os/platform/source/mbed_retarget.o
    0x08007a3c   0x00000004   PAD
    0x08007a40   0x0000001a   Code   RO         8284    .text.gcd           BUILD/DISCO_H747I/ARMC6/mbed-os/hal/source/mbed_ticker_api.o
    0x08007a5a   0x00000006   PAD
    0x08007a60   0x0000000a   Code   RO         8169    .text.get_lp_ticker_data  BUILD/DISCO_H747I/ARMC6/mbed-os/hal/source/mbed_lp_ticker_api.o
    0x08007a6a   0x00000006   PAD
    0x08007a70   0x000000d2   Code   RO        19347    .text.get_uart_index  BUILD/DISCO_H747I/ARMC6/mbed-os/targets/TARGET_STM/serial_api.o
    0x08007b42   0x00000006   PAD
    0x08007b48   0x00000026   Code   RO        18816    .text.gpio_dir      BUILD/DISCO_H747I/ARMC6/mbed-os/targets/TARGET_STM/gpio_api.o
    0x08007b6e   0x00000002   PAD
    0x08007b70   0x00000046   Code   RO        18812    .text.gpio_init     BUILD/DISCO_H747I/ARMC6/mbed-os/targets/TARGET_STM/gpio_api.o
    0x08007bb6   0x00000002   PAD
    0x08007bb8   0x0000000a   Code   RO         8135    .text.gpio_init_out  BUILD/DISCO_H747I/ARMC6/mbed-os/hal/source/mbed_gpio.o
    0x08007bc2   0x00000006   PAD
    0x08007bc8   0x0000000c   Code   RO         8137    .text.gpio_init_out_ex  BUILD/DISCO_H747I/ARMC6/mbed-os/hal/source/mbed_gpio.o
    0x08007bd4   0x00000004   PAD
    0x08007bd8   0x0000000c   Code   RO        18814    .text.gpio_mode     BUILD/DISCO_H747I/ARMC6/mbed-os/targets/TARGET_STM/gpio_api.o
    0x08007be4   0x00000004   PAD
    0x08007be8   0x00000068   Code   RO        18810    .text.gpio_set      BUILD/DISCO_H747I/ARMC6/mbed-os/targets/TARGET_STM/gpio_api.o
    0x08007c50   0x00000028   Code   RO         8127    .text.gpio_write    BUILD/DISCO_H747I/ARMC6/mbed-os/hal/source/mbed_gpio.o
    0x08007c78   0x00000028   Code   RO         9046    .text.gpio_write    BUILD/DISCO_H747I/ARMC6/mbed-os/platform/source/mbed_board.o
    0x08007ca0   0x00000028   Code   RO         8101    .text.hal_critical_section_enter  BUILD/DISCO_H747I/ARMC6/mbed-os/hal/source/mbed_critical_section_api.o
    0x08007cc8   0x00000088   Code   RO         8105    .text.hal_critical_section_exit  BUILD/DISCO_H747I/ARMC6/mbed-os/hal/source/mbed_critical_section_api.o
    0x08007d50   0x0000000c   Code   RO         8107    .text.hal_in_critical_section  BUILD/DISCO_H747I/ARMC6/mbed-os/hal/source/mbed_critical_section_api.o
    0x08007d5c   0x00000004   PAD
    0x08007d60   0x0000001c   Code   RO        19366    .text.hal_sleep     BUILD/DISCO_H747I/ARMC6/mbed-os/targets/TARGET_STM/sleep.o
    0x08007d7c   0x00000004   PAD
    0x08007d80   0x00000104   Code   RO         9089    .text.handle_error  BUILD/DISCO_H747I/ARMC6/mbed-os/platform/source/mbed_error.o
    0x08007e84   0x00000004   PAD
    0x08007e88   0x000000ae   Code   RO        19570    .text.init_32bit_timer  BUILD/DISCO_H747I/ARMC6/mbed-os/targets/TARGET_STM/us_ticker.o
    0x08007f36   0x00000002   PAD
    0x08007f38   0x000000a6   Code   RO        19325    .text.init_uart     BUILD/DISCO_H747I/ARMC6/mbed-os/targets/TARGET_STM/serial_api.o
    0x08007fde   0x00000002   PAD
    0x08007fe0   0x00000158   Code   RO         8252    .text.initialize    BUILD/DISCO_H747I/ARMC6/mbed-os/hal/source/mbed_ticker_api.o
    0x08008138   0x00000062   Code   RO         8266    .text.insert_event  BUILD/DISCO_H747I/ARMC6/mbed-os/hal/source/mbed_ticker_api.o
    0x0800819a   0x00000006   PAD
    0x080081a0   0x0000004e   Code   RO        19127    .text.is_dualpad_switch_gpio_configurable  BUILD/DISCO_H747I/ARMC6/mbed-os/targets/TARGET_STM/pinmap.o
    0x080081ee   0x00000002   PAD
    0x080081f0   0x00000028   Code   RO         9333    .text.isatty        BUILD/DISCO_H747I/ARMC6/mbed-os/platform/source/mbed_retarget.o
    0x08008218   0x00000062   Code   RO         1249    .text.isrRtxMessageQueueGet  BUILD/DISCO_H747I/ARMC6/mbed-os/cmsis/CMSIS_5/CMSIS/RTOS2/RTX/Source/rtx_msgqueue.o
    0x0800827a   0x00000006   PAD
    0x08008280   0x0000006e   Code   RO         1245    .text.isrRtxMessageQueuePut  BUILD/DISCO_H747I/ARMC6/mbed-os/cmsis/CMSIS_5/CMSIS/RTOS2/RTX/Source/rtx_msgqueue.o
    0x080082ee   0x00000002   PAD
    0x080082f0   0x0000002e   Code   RO         1415    .text.isr_queue_get  BUILD/DISCO_H747I/ARMC6/mbed-os/cmsis/CMSIS_5/CMSIS/RTOS2/RTX/Source/rtx_system.o
    0x0800831e   0x00000002   PAD
    0x08008320   0x00000032   Code   RO         1429    .text.isr_queue_put  BUILD/DISCO_H747I/ARMC6/mbed-os/cmsis/CMSIS_5/CMSIS/RTOS2/RTX/Source/rtx_system.o
    0x08008352   0x00000006   PAD
    0x08008358   0x0000001e   Code   RO        19048    .text.lp_ticker_clear_interrupt  BUILD/DISCO_H747I/ARMC6/mbed-os/targets/TARGET_STM/lp_ticker.o
    0x08008376   0x00000002   PAD
    0x08008378   0x00000062   Code   RO        19032    .text.lp_ticker_disable_interrupt  BUILD/DISCO_H747I/ARMC6/mbed-os/targets/TARGET_STM/lp_ticker.o
    0x080083da   0x00000006   PAD
    0x080083e0   0x0000002c   Code   RO        19050    .text.lp_ticker_fire_interrupt  BUILD/DISCO_H747I/ARMC6/mbed-os/targets/TARGET_STM/lp_ticker.o
    0x0800840c   0x00000004   PAD
    0x08008410   0x00000008   Code   RO        19058    .text.lp_ticker_free  BUILD/DISCO_H747I/ARMC6/mbed-os/targets/TARGET_STM/lp_ticker.o
    0x08008418   0x0000000a   Code   RO        19028    .text.lp_ticker_get_info  BUILD/DISCO_H747I/ARMC6/mbed-os/targets/TARGET_STM/lp_ticker.o
    0x08008422   0x00000006   PAD
    0x08008428   0x0000019c   Code   RO        19030    .text.lp_ticker_init  BUILD/DISCO_H747I/ARMC6/mbed-os/targets/TARGET_STM/lp_ticker.o
    0x080085c4   0x00000004   PAD
    0x080085c8   0x0000001e   Code   RO         8173    .text.lp_ticker_irq_handler  BUILD/DISCO_H747I/ARMC6/mbed-os/hal/source/mbed_lp_ticker_api.o
    0x080085e6   0x00000002   PAD
    0x080085e8   0x00000012   Code   RO        19042    .text.lp_ticker_read  BUILD/DISCO_H747I/ARMC6/mbed-os/targets/TARGET_STM/lp_ticker.o
    0x080085fa   0x00000006   PAD
    0x08008600   0x000000e4   Code   RO        19044    .text.lp_ticker_set_interrupt  BUILD/DISCO_H747I/ARMC6/mbed-os/targets/TARGET_STM/lp_ticker.o
    0x080086e4   0x00000004   PAD
    0x080086e8   0x00000010   Code   RO        18665    .text.lpuart1_irq   BUILD/DISCO_H747I/ARMC6/mbed-os/targets/TARGET_STM/TARGET_STM32H7/serial_device.o
    0x080086f8   0x00000032   Code   RO         9371    .text.lseek         BUILD/DISCO_H747I/ARMC6/mbed-os/platform/source/mbed_retarget.o
    0x0800872a   0x00000006   PAD
    0x08008730   0x00000036   Code   RO          810    .text.main          BUILD/DISCO_H747I/ARMC6/main.o
    0x08008766   0x00000002   PAD
    0x08008768   0x0000001a   Code   RO         8935    .text.mbed_assert_internal  BUILD/DISCO_H747I/ARMC6/mbed-os/platform/source/mbed_assert.o
    0x08008782   0x00000006   PAD
    0x08008788   0x0000002e   Code   RO         1736    .text.mbed_cpy_nvic  BUILD/DISCO_H747I/ARMC6/mbed-os/cmsis/device/rtos/source/mbed_boot.o
    0x080087b6   0x00000002   PAD
    0x080087b8   0x0000006c   Code   RO         9048    .text.mbed_die      BUILD/DISCO_H747I/ARMC6/mbed-os/platform/source/mbed_board.o
    0x08008824   0x00000004   PAD
    0x08008828   0x00000036   Code   RO         9111    .text.mbed_error    BUILD/DISCO_H747I/ARMC6/mbed-os/platform/source/mbed_error.o
    0x0800885e   0x00000002   PAD
    0x08008860   0x00000002   Code   RO         9095    .text.mbed_error_hook  BUILD/DISCO_H747I/ARMC6/mbed-os/platform/source/mbed_error.o
    0x08008862   0x00000006   PAD
    0x08008868   0x00000004   Code   RO         9099    .text.mbed_error_initialize  BUILD/DISCO_H747I/ARMC6/mbed-os/platform/source/mbed_error.o
    0x0800886c   0x00000004   PAD
    0x08008870   0x0000002a   Code   RO         9131    .text.mbed_error_is_handler  BUILD/DISCO_H747I/ARMC6/mbed-os/platform/source/mbed_error.o
    0x0800889a   0x00000006   PAD
    0x080088a0   0x00000014   Code   RO         9129    .text.mbed_error_is_hw_fault  BUILD/DISCO_H747I/ARMC6/mbed-os/platform/source/mbed_error.o
    0x080088b4   0x00000004   PAD
    0x080088b8   0x00000020   Code   RO         9050    .text.mbed_error_printf  BUILD/DISCO_H747I/ARMC6/mbed-os/platform/source/mbed_board.o
    0x080088d8   0x00000052   Code   RO         9054    .text.mbed_error_puts  BUILD/DISCO_H747I/ARMC6/mbed-os/platform/source/mbed_board.o
    0x0800892a   0x00000006   PAD
    0x08008930   0x00000034   Code   RO         9052    .text.mbed_error_vprintf  BUILD/DISCO_H747I/ARMC6/mbed-os/platform/source/mbed_board.o
    0x08008964   0x00000004   PAD
    0x08008968   0x000000f8   Code   RO         8895    .text.mbed_fault_handler  BUILD/DISCO_H747I/ARMC6/mbed-os/platform/source/TARGET_CORTEX_M/mbed_fault_handler.o
    0x08008a60   0x0000000c   Code   RO         9107    .text.mbed_get_error_in_progress  BUILD/DISCO_H747I/ARMC6/mbed-os/platform/source/mbed_error.o
    0x08008a6c   0x00000004   PAD
    0x08008a70   0x00000032   Code   RO         9093    .text.mbed_halt_system  BUILD/DISCO_H747I/ARMC6/mbed-os/platform/source/mbed_error.o
    0x08008aa2   0x00000006   PAD
    0x08008aa8   0x00000018   Code   RO         1734    .text.mbed_init     BUILD/DISCO_H747I/ARMC6/mbed-os/cmsis/device/rtos/source/mbed_boot.o
    0x08008ac0   0x00000002   Code   RO         1744    .text.mbed_main     BUILD/DISCO_H747I/ARMC6/mbed-os/cmsis/device/rtos/source/mbed_boot.o
    0x08008ac2   0x00000006   PAD
    0x08008ac8   0x00000418   Code   RO         9747    .text.mbed_minimal_formatted_string  BUILD/DISCO_H747I/ARMC6/mbed-os/platform/source/minimal-printf/mbed_printf_implementation.o
    0x08008ee0   0x000001bc   Code   RO         9753    .text.mbed_minimal_formatted_string_double  BUILD/DISCO_H747I/ARMC6/mbed-os/platform/source/minimal-printf/mbed_printf_implementation.o
    0x0800909c   0x00000004   PAD
    0x080090a0   0x00000164   Code   RO         9751    .text.mbed_minimal_formatted_string_integer  BUILD/DISCO_H747I/ARMC6/mbed-os/platform/source/minimal-printf/mbed_printf_implementation.o
    0x08009204   0x00000004   PAD
    0x08009208   0x0000003e   Code   RO         9757    .text.mbed_minimal_formatted_string_string  BUILD/DISCO_H747I/ARMC6/mbed-os/platform/source/minimal-printf/mbed_printf_implementation.o
    0x08009246   0x00000002   PAD
    0x08009248   0x00000050   Code   RO         9759    .text.mbed_minimal_formatted_string_void_pointer  BUILD/DISCO_H747I/ARMC6/mbed-os/platform/source/minimal-printf/mbed_printf_implementation.o
    0x08009298   0x00000042   Code   RO         9755    .text.mbed_minimal_putchar  BUILD/DISCO_H747I/ARMC6/mbed-os/platform/source/minimal-printf/mbed_printf_implementation.o
    0x080092da   0x00000006   PAD
    0x080092e0   0x000000b8   Code   RO         8318    .text.mbed_mpu_init  BUILD/DISCO_H747I/ARMC6/mbed-os/hal/source/mpu/mbed_mpu_v7m.o
    0x08009398   0x00000008   Code   RO         1758    .text.mbed_rtos_init  BUILD/DISCO_H747I/ARMC6/mbed-os/cmsis/device/rtos/source/mbed_rtos_rtx.o
    0x080093a0   0x00000030   Code   RO         1762    .text.mbed_rtos_init_singleton_mutex  BUILD/DISCO_H747I/ARMC6/mbed-os/cmsis/device/rtos/source/mbed_rtos_rtx.o
    0x080093d0   0x000000a4   Code   RO         1760    .text.mbed_rtos_start  BUILD/DISCO_H747I/ARMC6/mbed-os/cmsis/device/rtos/source/mbed_rtos_rtx.o
    0x08009474   0x00000004   PAD
    0x08009478   0x00000116   Code   RO        19101    .text.mbed_sdk_init  BUILD/DISCO_H747I/ARMC6/mbed-os/targets/TARGET_STM/mbed_overrides.o
    0x0800958e   0x00000002   PAD
    0x08009590   0x0000001c   Code   RO         1740    .text.mbed_start    BUILD/DISCO_H747I/ARMC6/mbed-os/cmsis/device/rtos/source/mbed_boot.o
    0x080095ac   0x00000004   PAD
    0x080095b0   0x00000002   Code   RO         1742    .text.mbed_tfm_init  BUILD/DISCO_H747I/ARMC6/mbed-os/cmsis/device/rtos/source/mbed_boot.o
    0x080095b2   0x00000006   PAD
    0x080095b8   0x0000001e   Code   RO         1708    .text.mbed_toolchain_init  BUILD/DISCO_H747I/ARMC6/mbed-os/cmsis/device/rtos/TOOLCHAIN_ARM_STD/mbed_boot_arm_std.o
    0x080095d6   0x00000002   PAD
    0x080095d8   0x0000001a   Code   RO         9133    .text.name_or_unnamed  BUILD/DISCO_H747I/ARMC6/mbed-os/platform/source/mbed_error.o
    0x080095f2   0x00000006   PAD
    0x080095f8   0x00000096   Code   RO         9343    .text.open          BUILD/DISCO_H747I/ARMC6/mbed-os/platform/source/mbed_retarget.o
    0x0800968e   0x00000002   PAD
    0x08009690   0x0000002e   Code   RO          905    .text.osDelay       BUILD/DISCO_H747I/ARMC6/mbed-os/cmsis/CMSIS_5/CMSIS/RTOS2/RTX/Source/rtx_delay.o
    0x080096be   0x00000002   PAD
    0x080096c0   0x00000026   Code   RO         1042    .text.osKernelGetState  BUILD/DISCO_H747I/ARMC6/mbed-os/cmsis/CMSIS_5/CMSIS/RTOS2/RTX/Source/rtx_kernel.o
    0x080096e6   0x00000002   PAD
    0x080096e8   0x0000002e   Code   RO         1030    .text.osKernelInitialize  BUILD/DISCO_H747I/ARMC6/mbed-os/cmsis/CMSIS_5/CMSIS/RTOS2/RTX/Source/rtx_kernel.o
    0x08009716   0x00000002   PAD
    0x08009718   0x00000028   Code   RO         1056    .text.osKernelResume  BUILD/DISCO_H747I/ARMC6/mbed-os/cmsis/CMSIS_5/CMSIS/RTOS2/RTX/Source/rtx_kernel.o
    0x08009740   0x0000002a   Code   RO         1046    .text.osKernelStart  BUILD/DISCO_H747I/ARMC6/mbed-os/cmsis/CMSIS_5/CMSIS/RTOS2/RTX/Source/rtx_kernel.o
    0x0800976a   0x00000006   PAD
    0x08009770   0x00000026   Code   RO         1054    .text.osKernelSuspend  BUILD/DISCO_H747I/ARMC6/mbed-os/cmsis/CMSIS_5/CMSIS/RTOS2/RTX/Source/rtx_kernel.o
    0x08009796   0x00000002   PAD
    0x08009798   0x0000003e   Code   RO         1247    .text.osMessageQueueGet  BUILD/DISCO_H747I/ARMC6/mbed-os/cmsis/CMSIS_5/CMSIS/RTOS2/RTX/Source/rtx_msgqueue.o
    0x080097d6   0x00000002   PAD
    0x080097d8   0x0000003e   Code   RO         1243    .text.osMessageQueuePut  BUILD/DISCO_H747I/ARMC6/mbed-os/cmsis/CMSIS_5/CMSIS/RTOS2/RTX/Source/rtx_msgqueue.o
    0x08009816   0x00000002   PAD
    0x08009818   0x00000034   Code   RO         1321    .text.osMutexAcquire  BUILD/DISCO_H747I/ARMC6/mbed-os/cmsis/CMSIS_5/CMSIS/RTOS2/RTX/Source/rtx_mutex.o
    0x0800984c   0x00000004   PAD
    0x08009850   0x00000030   Code   RO         1327    .text.osMutexDelete  BUILD/DISCO_H747I/ARMC6/mbed-os/cmsis/CMSIS_5/CMSIS/RTOS2/RTX/Source/rtx_mutex.o
    0x08009880   0x0000002e   Code   RO         1313    .text.osMutexNew    BUILD/DISCO_H747I/ARMC6/mbed-os/cmsis/CMSIS_5/CMSIS/RTOS2/RTX/Source/rtx_mutex.o
    0x080098ae   0x00000002   PAD
    0x080098b0   0x00000030   Code   RO         1323    .text.osMutexRelease  BUILD/DISCO_H747I/ARMC6/mbed-os/cmsis/CMSIS_5/CMSIS/RTOS2/RTX/Source/rtx_mutex.o
    0x080098e0   0x000000f4   Code   RO         1783    .text.osRtxErrorNotify  BUILD/DISCO_H747I/ARMC6/mbed-os/cmsis/device/rtos/source/mbed_rtx_handlers.o
    0x080099d4   0x00000004   PAD
    0x080099d8   0x00000002   Code   RO         1419    .text.osRtxEventFlagsObject  BUILD/DISCO_H747I/ARMC6/mbed-os/cmsis/CMSIS_5/CMSIS/RTOS2/RTX/Source/rtx_system.o
    0x080099da   0x00000006   PAD
    0x080099e0   0x00000004   Code   RO         1781    .text.osRtxIdleThread  BUILD/DISCO_H747I/ARMC6/mbed-os/cmsis/device/rtos/source/mbed_rtx_handlers.o
    0x080099e4   0x00000004   PAD
    0x080099e8   0x00000014   Code   RO         1028    .text.osRtxKernelErrorNotify  BUILD/DISCO_H747I/ARMC6/mbed-os/cmsis/CMSIS_5/CMSIS/RTOS2/RTX/Source/rtx_kernel.o
    0x080099fc   0x00000004   PAD
    0x08009a00   0x0000000c   Code   RO         1411    .text.osRtxKernelGetState  BUILD/DISCO_H747I/ARMC6/mbed-os/cmsis/CMSIS_5/CMSIS/RTOS2/RTX/Source/rtx_system.o
    0x08009a0c   0x00000004   PAD
    0x08009a10   0x0000000c   Code   RO         1477    .text.osRtxKernelGetState  BUILD/DISCO_H747I/ARMC6/mbed-os/cmsis/CMSIS_5/CMSIS/RTOS2/RTX/Source/rtx_thread.o
    0x08009a1c   0x00000004   PAD
    0x08009a20   0x00000002   Code   RO         1026    .text.osRtxKernelPreInit  BUILD/DISCO_H747I/ARMC6/mbed-os/cmsis/CMSIS_5/CMSIS/RTOS2/RTX/Source/rtx_kernel.o
    0x08009a22   0x00000006   PAD
    0x08009a28   0x0000000c   Code   RO         1076    .text.osRtxKernelState  BUILD/DISCO_H747I/ARMC6/mbed-os/cmsis/CMSIS_5/CMSIS/RTOS2/RTX/Source/rtx_kernel.o
    0x08009a34   0x00000004   PAD
    0x08009a38   0x000000aa   Code   RO         1143    .text.osRtxMemoryAlloc  BUILD/DISCO_H747I/ARMC6/mbed-os/cmsis/CMSIS_5/CMSIS/RTOS2/RTX/Source/rtx_memory.o
    0x08009ae2   0x00000006   PAD
    0x08009ae8   0x0000006a   Code   RO         1145    .text.osRtxMemoryFree  BUILD/DISCO_H747I/ARMC6/mbed-os/cmsis/CMSIS_5/CMSIS/RTOS2/RTX/Source/rtx_memory.o
    0x08009b52   0x00000006   PAD
    0x08009b58   0x00000054   Code   RO         1137    .text.osRtxMemoryInit  BUILD/DISCO_H747I/ARMC6/mbed-os/cmsis/CMSIS_5/CMSIS/RTOS2/RTX/Source/rtx_memory.o
    0x08009bac   0x00000004   PAD
    0x08009bb0   0x0000001e   Code   RO         1157    .text.osRtxMemoryPoolAlloc  BUILD/DISCO_H747I/ARMC6/mbed-os/cmsis/CMSIS_5/CMSIS/RTOS2/RTX/Source/rtx_mempool.o
    0x08009bce   0x00000002   PAD
    0x08009bd0   0x0000002a   Code   RO         1163    .text.osRtxMemoryPoolFree  BUILD/DISCO_H747I/ARMC6/mbed-os/cmsis/CMSIS_5/CMSIS/RTOS2/RTX/Source/rtx_mempool.o
    0x08009bfa   0x00000006   PAD
    0x08009c00   0x00000058   Code   RO         1155    .text.osRtxMemoryPoolInit  BUILD/DISCO_H747I/ARMC6/mbed-os/cmsis/CMSIS_5/CMSIS/RTOS2/RTX/Source/rtx_mempool.o
    0x08009c58   0x00000002   Code   RO         1423    .text.osRtxMemoryPoolObject  BUILD/DISCO_H747I/ARMC6/mbed-os/cmsis/CMSIS_5/CMSIS/RTOS2/RTX/Source/rtx_system.o
    0x08009c5a   0x00000006   PAD
    0x08009c60   0x00000002   Code   RO         1425    .text.osRtxMessageObject  BUILD/DISCO_H747I/ARMC6/mbed-os/cmsis/CMSIS_5/CMSIS/RTOS2/RTX/Source/rtx_system.o
    0x08009c62   0x00000006   PAD
    0x08009c68   0x00000002   Code   RO         1231    .text.osRtxMessageQueueId  BUILD/DISCO_H747I/ARMC6/mbed-os/cmsis/CMSIS_5/CMSIS/RTOS2/RTX/Source/rtx_msgqueue.o
    0x08009c6a   0x00000006   PAD
    0x08009c70   0x000000d0   Code   RO         1271    .text.osRtxMessageQueuePostProcess  BUILD/DISCO_H747I/ARMC6/mbed-os/cmsis/CMSIS_5/CMSIS/RTOS2/RTX/Source/rtx_msgqueue.o
    0x08009d40   0x00000030   Code   RO         1229    .text.osRtxMessageQueueTimerSetup  BUILD/DISCO_H747I/ARMC6/mbed-os/cmsis/CMSIS_5/CMSIS/RTOS2/RTX/Source/rtx_msgqueue.o
    0x08009d70   0x00000002   Code   RO         1333    .text.osRtxMutexId  BUILD/DISCO_H747I/ARMC6/mbed-os/cmsis/CMSIS_5/CMSIS/RTOS2/RTX/Source/rtx_mutex.o
    0x08009d72   0x00000006   PAD
    0x08009d78   0x00000002   Code   RO         1467    .text.osRtxMutexObject  BUILD/DISCO_H747I/ARMC6/mbed-os/cmsis/CMSIS_5/CMSIS/RTOS2/RTX/Source/rtx_thread.o
    0x08009d7a   0x00000006   PAD
    0x08009d80   0x0000005a   Code   RO         1307    .text.osRtxMutexOwnerRelease  BUILD/DISCO_H747I/ARMC6/mbed-os/cmsis/CMSIS_5/CMSIS/RTOS2/RTX/Source/rtx_mutex.o
    0x08009dda   0x00000006   PAD
    0x08009de0   0x00000050   Code   RO         1311    .text.osRtxMutexOwnerRestore  BUILD/DISCO_H747I/ARMC6/mbed-os/cmsis/CMSIS_5/CMSIS/RTOS2/RTX/Source/rtx_mutex.o
    0x08009e30   0x00000002   Code   RO         1275    .text.osRtxObject   BUILD/DISCO_H747I/ARMC6/mbed-os/cmsis/CMSIS_5/CMSIS/RTOS2/RTX/Source/rtx_msgqueue.o
    0x08009e32   0x00000006   PAD
    0x08009e38   0x00000002   Code   RO         1309    .text.osRtxObject   BUILD/DISCO_H747I/ARMC6/mbed-os/cmsis/CMSIS_5/CMSIS/RTOS2/RTX/Source/rtx_mutex.o
    0x08009e3a   0x00000006   PAD
    0x08009e40   0x00000002   Code   RO         1437    .text.osRtxObject   BUILD/DISCO_H747I/ARMC6/mbed-os/cmsis/CMSIS_5/CMSIS/RTOS2/RTX/Source/rtx_system.o
    0x08009e42   0x00000006   PAD
    0x08009e48   0x00000002   Code   RO         1457    .text.osRtxObject   BUILD/DISCO_H747I/ARMC6/mbed-os/cmsis/CMSIS_5/CMSIS/RTOS2/RTX/Source/rtx_thread.o
    0x08009e4a   0x00000006   PAD
    0x08009e50   0x00000064   Code   RO         1413    .text.osRtxPendSV_Handler  BUILD/DISCO_H747I/ARMC6/mbed-os/cmsis/CMSIS_5/CMSIS/RTOS2/RTX/Source/rtx_system.o
    0x08009eb4   0x00000004   PAD
    0x08009eb8   0x0000002c   Code   RO         1427    .text.osRtxPostProcess  BUILD/DISCO_H747I/ARMC6/mbed-os/cmsis/CMSIS_5/CMSIS/RTOS2/RTX/Source/rtx_system.o
    0x08009ee4   0x00000004   PAD
    0x08009ee8   0x00000002   Code   RO         1421    .text.osRtxSemaphoreObject  BUILD/DISCO_H747I/ARMC6/mbed-os/cmsis/CMSIS_5/CMSIS/RTOS2/RTX/Source/rtx_system.o
    0x08009eea   0x00000006   PAD
    0x08009ef0   0x00000042   Code   RO         1481    .text.osRtxThreadBlock  BUILD/DISCO_H747I/ARMC6/mbed-os/cmsis/CMSIS_5/CMSIS/RTOS2/RTX/Source/rtx_thread.o
    0x08009f32   0x00000006   PAD
    0x08009f38   0x000000a4   Code   RO         1489    .text.osRtxThreadDelayInsert  BUILD/DISCO_H747I/ARMC6/mbed-os/cmsis/CMSIS_5/CMSIS/RTOS2/RTX/Source/rtx_thread.o
    0x08009fdc   0x00000004   PAD
    0x08009fe0   0x00000050   Code   RO         1485    .text.osRtxThreadDelayRemove  BUILD/DISCO_H747I/ARMC6/mbed-os/cmsis/CMSIS_5/CMSIS/RTOS2/RTX/Source/rtx_thread.o
    0x0800a030   0x00000058   Code   RO         1463    .text.osRtxThreadDelayTick  BUILD/DISCO_H747I/ARMC6/mbed-os/cmsis/CMSIS_5/CMSIS/RTOS2/RTX/Source/rtx_thread.o
    0x0800a088   0x0000002c   Code   RO         1591    .text.osRtxThreadDestroy  BUILD/DISCO_H747I/ARMC6/mbed-os/cmsis/CMSIS_5/CMSIS/RTOS2/RTX/Source/rtx_thread.o
    0x0800a0b4   0x00000004   PAD
    0x0800a0b8   0x0000005e   Code   RO         1475    .text.osRtxThreadDispatch  BUILD/DISCO_H747I/ARMC6/mbed-os/cmsis/CMSIS_5/CMSIS/RTOS2/RTX/Source/rtx_thread.o
    0x0800a116   0x00000002   PAD
    0x0800a118   0x00000062   Code   RO         1581    .text.osRtxThreadFree  BUILD/DISCO_H747I/ARMC6/mbed-os/cmsis/CMSIS_5/CMSIS/RTOS2/RTX/Source/rtx_thread.o
    0x0800a17a   0x00000006   PAD
    0x0800a180   0x0000000c   Code   RO         1285    .text.osRtxThreadGetRunning  BUILD/DISCO_H747I/ARMC6/mbed-os/cmsis/CMSIS_5/CMSIS/RTOS2/RTX/Source/rtx_msgqueue.o
    0x0800a18c   0x00000004   PAD
    0x0800a190   0x0000000c   Code   RO         1337    .text.osRtxThreadGetRunning  BUILD/DISCO_H747I/ARMC6/mbed-os/cmsis/CMSIS_5/CMSIS/RTOS2/RTX/Source/rtx_mutex.o
    0x0800a19c   0x00000004   PAD
    0x0800a1a0   0x0000000c   Code   RO         1479    .text.osRtxThreadGetRunning  BUILD/DISCO_H747I/ARMC6/mbed-os/cmsis/CMSIS_5/CMSIS/RTOS2/RTX/Source/rtx_thread.o
    0x0800a1ac   0x00000004   PAD
    0x0800a1b0   0x0000000c   Code   RO         1645    .text.osRtxThreadGetRunning  BUILD/DISCO_H747I/ARMC6/mbed-os/cmsis/CMSIS_5/CMSIS/RTOS2/RTX/Source/rtx_timer.o
    0x0800a1bc   0x00000004   PAD
    0x0800a1c0   0x00000002   Code   RO         1493    .text.osRtxThreadId  BUILD/DISCO_H747I/ARMC6/mbed-os/cmsis/CMSIS_5/CMSIS/RTOS2/RTX/Source/rtx_thread.o
    0x0800a1c2   0x00000006   PAD
    0x0800a1c8   0x00000020   Code   RO         1587    .text.osRtxThreadJoinWakeup  BUILD/DISCO_H747I/ARMC6/mbed-os/cmsis/CMSIS_5/CMSIS/RTOS2/RTX/Source/rtx_thread.o
    0x0800a1e8   0x00000018   Code   RO         1453    .text.osRtxThreadListGet  BUILD/DISCO_H747I/ARMC6/mbed-os/cmsis/CMSIS_5/CMSIS/RTOS2/RTX/Source/rtx_thread.o
    0x0800a200   0x00000032   Code   RO         1449    .text.osRtxThreadListPut  BUILD/DISCO_H747I/ARMC6/mbed-os/cmsis/CMSIS_5/CMSIS/RTOS2/RTX/Source/rtx_thread.o
    0x0800a232   0x00000006   PAD
    0x0800a238   0x0000001a   Code   RO         1459    .text.osRtxThreadListRemove  BUILD/DISCO_H747I/ARMC6/mbed-os/cmsis/CMSIS_5/CMSIS/RTOS2/RTX/Source/rtx_thread.o
    0x0800a252   0x00000006   PAD
    0x0800a258   0x00000012   Code   RO         1465    .text.osRtxThreadListRoot  BUILD/DISCO_H747I/ARMC6/mbed-os/cmsis/CMSIS_5/CMSIS/RTOS2/RTX/Source/rtx_thread.o
    0x0800a26a   0x00000006   PAD
    0x0800a270   0x00000030   Code   RO         1455    .text.osRtxThreadListSort  BUILD/DISCO_H747I/ARMC6/mbed-os/cmsis/CMSIS_5/CMSIS/RTOS2/RTX/Source/rtx_thread.o
    0x0800a2a0   0x00000002   Code   RO         1417    .text.osRtxThreadObject  BUILD/DISCO_H747I/ARMC6/mbed-os/cmsis/CMSIS_5/CMSIS/RTOS2/RTX/Source/rtx_system.o
    0x0800a2a2   0x00000006   PAD
    0x0800a2a8   0x00000002   Code   RO         1451    .text.osRtxThreadObject  BUILD/DISCO_H747I/ARMC6/mbed-os/cmsis/CMSIS_5/CMSIS/RTOS2/RTX/Source/rtx_thread.o
    0x0800a2aa   0x00000006   PAD
    0x0800a2b0   0x00000028   Code   RO         1547    .text.osRtxThreadPostProcess  BUILD/DISCO_H747I/ARMC6/mbed-os/cmsis/CMSIS_5/CMSIS/RTOS2/RTX/Source/rtx_thread.o
    0x0800a2d8   0x00000018   Code   RO         1461    .text.osRtxThreadReadyPut  BUILD/DISCO_H747I/ARMC6/mbed-os/cmsis/CMSIS_5/CMSIS/RTOS2/RTX/Source/rtx_thread.o
    0x0800a2f0   0x00000012   Code   RO         1469    .text.osRtxThreadRegPtr  BUILD/DISCO_H747I/ARMC6/mbed-os/cmsis/CMSIS_5/CMSIS/RTOS2/RTX/Source/rtx_thread.o
    0x0800a302   0x00000006   PAD
    0x0800a308   0x0000000e   Code   RO         1589    .text.osRtxThreadSetRunning  BUILD/DISCO_H747I/ARMC6/mbed-os/cmsis/CMSIS_5/CMSIS/RTOS2/RTX/Source/rtx_thread.o
    0x0800a316   0x00000002   PAD
    0x0800a318   0x0000000c   Code   RO         1649    .text.osRtxThreadSetRunning  BUILD/DISCO_H747I/ARMC6/mbed-os/cmsis/CMSIS_5/CMSIS/RTOS2/RTX/Source/rtx_timer.o
    0x0800a324   0x00000004   PAD
    0x0800a328   0x00000050   Code   RO         1491    .text.osRtxThreadStartup  BUILD/DISCO_H747I/ARMC6/mbed-os/cmsis/CMSIS_5/CMSIS/RTOS2/RTX/Source/rtx_thread.o
    0x0800a378   0x00000010   Code   RO         1473    .text.osRtxThreadSwitch  BUILD/DISCO_H747I/ARMC6/mbed-os/cmsis/CMSIS_5/CMSIS/RTOS2/RTX/Source/rtx_thread.o
    0x0800a388   0x0000004c   Code   RO         1487    .text.osRtxThreadWaitEnter  BUILD/DISCO_H747I/ARMC6/mbed-os/cmsis/CMSIS_5/CMSIS/RTOS2/RTX/Source/rtx_thread.o
    0x0800a3d4   0x00000004   PAD
    0x0800a3d8   0x00000024   Code   RO         1483    .text.osRtxThreadWaitExit  BUILD/DISCO_H747I/ARMC6/mbed-os/cmsis/CMSIS_5/CMSIS/RTOS2/RTX/Source/rtx_thread.o
    0x0800a3fc   0x00000004   PAD
    0x0800a400   0x00000082   Code   RO         1409    .text.osRtxTick_Handler  BUILD/DISCO_H747I/ARMC6/mbed-os/cmsis/CMSIS_5/CMSIS/RTOS2/RTX/Source/rtx_system.o
    0x0800a482   0x00000006   PAD
    0x0800a488   0x00000026   Code   RO         1623    .text.osRtxTimerSetup  BUILD/DISCO_H747I/ARMC6/mbed-os/cmsis/CMSIS_5/CMSIS/RTOS2/RTX/Source/rtx_timer.o
    0x0800a4ae   0x00000002   PAD
    0x0800a4b0   0x00000022   Code   RO         1627    .text.osRtxTimerThread  BUILD/DISCO_H747I/ARMC6/mbed-os/cmsis/CMSIS_5/CMSIS/RTOS2/RTX/Source/rtx_timer.o
    0x0800a4d2   0x00000006   PAD
    0x0800a4d8   0x00000086   Code   RO         1625    .text.osRtxTimerTick  BUILD/DISCO_H747I/ARMC6/mbed-os/cmsis/CMSIS_5/CMSIS/RTOS2/RTX/Source/rtx_timer.o
    0x0800a55e   0x00000002   PAD
    0x0800a560   0x0000001a   Code   RO         1529    .text.osThreadExit  BUILD/DISCO_H747I/ARMC6/mbed-os/cmsis/CMSIS_5/CMSIS/RTOS2/RTX/Source/rtx_thread.o
    0x0800a57a   0x00000006   PAD
    0x0800a580   0x00000020   Code   RO         1505    .text.osThreadGetId  BUILD/DISCO_H747I/ARMC6/mbed-os/cmsis/CMSIS_5/CMSIS/RTOS2/RTX/Source/rtx_thread.o
    0x0800a5a0   0x00000036   Code   RO         1497    .text.osThreadNew   BUILD/DISCO_H747I/ARMC6/mbed-os/cmsis/CMSIS_5/CMSIS/RTOS2/RTX/Source/rtx_thread.o
    0x0800a5d6   0x00000002   PAD
    0x0800a5d8   0x0000001e   Code   RO         1712    .text.os_kernel_is_active  BUILD/DISCO_H747I/ARMC6/mbed-os/cmsis/device/rtos/TOOLCHAIN_ARM_STD/mbed_boot_arm_std.o
    0x0800a5f6   0x00000002   PAD
    0x0800a5f8   0x0000003a   Code   RO         9749    .text.parse_string_to_integer  BUILD/DISCO_H747I/ARMC6/mbed-os/platform/source/minimal-printf/mbed_printf_implementation.o
    0x0800a632   0x00000006   PAD
    0x0800a638   0x00000110   Code   RO        19125    .text.pin_function  BUILD/DISCO_H747I/ARMC6/mbed-os/targets/TARGET_STM/pinmap.o
    0x0800a748   0x0000008c   Code   RO        19145    .text.pin_mode      BUILD/DISCO_H747I/ARMC6/mbed-os/targets/TARGET_STM/pinmap.o
    0x0800a7d4   0x00000004   PAD
    0x0800a7d8   0x00000026   Code   RO         8200    .text.pinmap_find_function  BUILD/DISCO_H747I/ARMC6/mbed-os/hal/source/mbed_pinmap_common.o
    0x0800a7fe   0x00000002   PAD
    0x0800a800   0x00000028   Code   RO         8196    .text.pinmap_find_peripheral  BUILD/DISCO_H747I/ARMC6/mbed-os/hal/source/mbed_pinmap_common.o
    0x0800a828   0x00000048   Code   RO         8194    .text.pinmap_merge  BUILD/DISCO_H747I/ARMC6/mbed-os/hal/source/mbed_pinmap_common.o
    0x0800a870   0x00000058   Code   RO         8198    .text.pinmap_peripheral  BUILD/DISCO_H747I/ARMC6/mbed-os/hal/source/mbed_pinmap_common.o
    0x0800a8c8   0x0000015c   Code   RO         8897    .text.print_context_info  BUILD/DISCO_H747I/ARMC6/mbed-os/platform/source/TARGET_CORTEX_M/mbed_fault_handler.o
    0x0800aa24   0x00000004   PAD
    0x0800aa28   0x000001f4   Code   RO         9091    .text.print_error_report  BUILD/DISCO_H747I/ARMC6/mbed-os/platform/source/mbed_error.o
    0x0800ac1c   0x00000004   PAD
    0x0800ac20   0x0000000e   Code   RO         1851    .text.rtos_idle_loop  BUILD/DISCO_H747I/ARMC6/mbed-os/cmsis/device/rtos/source/mbed_rtx_idle.o
    0x0800ac2e   0x00000002   PAD
    0x0800ac30   0x000000d0   Code   RO         8260    .text.schedule_interrupt  BUILD/DISCO_H747I/ARMC6/mbed-os/hal/source/mbed_ticker_api.o
    0x0800ad00   0x000000bc   Code   RO        19323    .text.serial_baud   BUILD/DISCO_H747I/ARMC6/mbed-os/targets/TARGET_STM/serial_api.o
    0x0800adbc   0x00000004   PAD
    0x0800adc0   0x00000228   Code   RO        19317    .text.serial_free   BUILD/DISCO_H747I/ARMC6/mbed-os/targets/TARGET_STM/serial_api.o
    0x0800afe8   0x0000007a   Code   RO        18673    .text.serial_getc   BUILD/DISCO_H747I/ARMC6/mbed-os/targets/TARGET_STM/TARGET_STM32H7/serial_device.o
    0x0800b062   0x00000006   PAD
    0x0800b068   0x000000dc   Code   RO        19313    .text.serial_init   BUILD/DISCO_H747I/ARMC6/mbed-os/targets/TARGET_STM/serial_api.o
    0x0800b144   0x00000004   PAD
    0x0800b148   0x00000012   Code   RO         8351    .text.serial_init_direct  BUILD/DISCO_H747I/ARMC6/mbed-os/hal/source/static_pinmap.o
    0x0800b15a   0x00000006   PAD
    0x0800b160   0x0000001a   Code   RO        18645    .text.serial_irq_handler  BUILD/DISCO_H747I/ARMC6/mbed-os/targets/TARGET_STM/TARGET_STM32H7/serial_device.o
    0x0800b17a   0x00000006   PAD
    0x0800b180   0x00000172   Code   RO        18647    .text.serial_irq_set  BUILD/DISCO_H747I/ARMC6/mbed-os/targets/TARGET_STM/TARGET_STM32H7/serial_device.o
    0x0800b2f2   0x00000006   PAD
    0x0800b2f8   0x0000002a   Code   RO        18675    .text.serial_putc   BUILD/DISCO_H747I/ARMC6/mbed-os/targets/TARGET_STM/TARGET_STM32H7/serial_device.o
    0x0800b322   0x00000006   PAD
    0x0800b328   0x00000024   Code   RO        19339    .text.serial_readable  BUILD/DISCO_H747I/ARMC6/mbed-os/targets/TARGET_STM/serial_api.o
    0x0800b34c   0x00000004   PAD
    0x0800b350   0x0000001a   Code   RO        19341    .text.serial_writable  BUILD/DISCO_H747I/ARMC6/mbed-os/targets/TARGET_STM/serial_api.o
    0x0800b36a   0x00000006   PAD
    0x0800b370   0x00000006   Code   RO         8254    .text.set_handler   BUILD/DISCO_H747I/ARMC6/mbed-os/hal/source/mbed_ticker_api.o
    0x0800b376   0x00000002   PAD
    0x0800b378   0x00000058   Code   RO         9284    .text.sleep_manager_lock_deep_sleep_internal  BUILD/DISCO_H747I/ARMC6/mbed-os/platform/source/mbed_power_mgmt.o
    0x0800b3d0   0x00000010   Code   RO         9292    .text.sleep_manager_sleep_auto  BUILD/DISCO_H747I/ARMC6/mbed-os/platform/source/mbed_power_mgmt.o
    0x0800b3e0   0x00000058   Code   RO         9286    .text.sleep_manager_unlock_deep_sleep_internal  BUILD/DISCO_H747I/ARMC6/mbed-os/platform/source/mbed_power_mgmt.o
    0x0800b438   0x00000030   Code   RO        19143    .text.stm_pin_PullConfig  BUILD/DISCO_H747I/ARMC6/mbed-os/targets/TARGET_STM/pinmap.o
    0x0800b468   0x0000003c   Code   RO        19137    .text.stm_pin_SetAFPin  BUILD/DISCO_H747I/ARMC6/mbed-os/targets/TARGET_STM/pinmap.o
    0x0800b4a4   0x00000004   PAD
    0x0800b4a8   0x00000026   Code   RO          913    .text.svcRtxDelay   BUILD/DISCO_H747I/ARMC6/mbed-os/cmsis/CMSIS_5/CMSIS/RTOS2/RTX/Source/rtx_delay.o
    0x0800b4ce   0x00000002   PAD
    0x0800b4d0   0x00000008   Code   RO         1044    .text.svcRtxKernelGetState  BUILD/DISCO_H747I/ARMC6/mbed-os/cmsis/CMSIS_5/CMSIS/RTOS2/RTX/Source/rtx_kernel.o
    0x0800b4d8   0x0000014c   Code   RO         1074    .text.svcRtxKernelInitialize  BUILD/DISCO_H747I/ARMC6/mbed-os/cmsis/CMSIS_5/CMSIS/RTOS2/RTX/Source/rtx_kernel.o
    0x0800b624   0x00000004   PAD
    0x0800b628   0x0000006c   Code   RO         1100    .text.svcRtxKernelResume  BUILD/DISCO_H747I/ARMC6/mbed-os/cmsis/CMSIS_5/CMSIS/RTOS2/RTX/Source/rtx_kernel.o
    0x0800b694   0x00000004   PAD
    0x0800b698   0x00000080   Code   RO         1078    .text.svcRtxKernelStart  BUILD/DISCO_H747I/ARMC6/mbed-os/cmsis/CMSIS_5/CMSIS/RTOS2/RTX/Source/rtx_kernel.o
    0x0800b718   0x0000002a   Code   RO         1090    .text.svcRtxKernelSuspend  BUILD/DISCO_H747I/ARMC6/mbed-os/cmsis/CMSIS_5/CMSIS/RTOS2/RTX/Source/rtx_kernel.o
    0x0800b742   0x00000006   PAD
    0x0800b748   0x00000102   Code   RO         1293    .text.svcRtxMessageQueueGet  BUILD/DISCO_H747I/ARMC6/mbed-os/cmsis/CMSIS_5/CMSIS/RTOS2/RTX/Source/rtx_msgqueue.o
    0x0800b84a   0x00000006   PAD
    0x0800b850   0x00000180   Code   RO         1233    .text.svcRtxMessageQueueNew  BUILD/DISCO_H747I/ARMC6/mbed-os/cmsis/CMSIS_5/CMSIS/RTOS2/RTX/Source/rtx_msgqueue.o
    0x0800b9d0   0x000000e4   Code   RO         1283    .text.svcRtxMessageQueuePut  BUILD/DISCO_H747I/ARMC6/mbed-os/cmsis/CMSIS_5/CMSIS/RTOS2/RTX/Source/rtx_msgqueue.o
    0x0800bab4   0x00000004   PAD
    0x0800bab8   0x000000be   Code   RO         1335    .text.svcRtxMutexAcquire  BUILD/DISCO_H747I/ARMC6/mbed-os/cmsis/CMSIS_5/CMSIS/RTOS2/RTX/Source/rtx_mutex.o
    0x0800bb76   0x00000002   PAD
    0x0800bb78   0x000000d6   Code   RO         1343    .text.svcRtxMutexDelete  BUILD/DISCO_H747I/ARMC6/mbed-os/cmsis/CMSIS_5/CMSIS/RTOS2/RTX/Source/rtx_mutex.o
    0x0800bc4e   0x00000002   PAD
    0x0800bc50   0x00000088   Code   RO         1329    .text.svcRtxMutexNew  BUILD/DISCO_H747I/ARMC6/mbed-os/cmsis/CMSIS_5/CMSIS/RTOS2/RTX/Source/rtx_mutex.o
    0x0800bcd8   0x000000e4   Code   RO         1339    .text.svcRtxMutexRelease  BUILD/DISCO_H747I/ARMC6/mbed-os/cmsis/CMSIS_5/CMSIS/RTOS2/RTX/Source/rtx_mutex.o
    0x0800bdbc   0x00000004   PAD
    0x0800bdc0   0x0000004a   Code   RO         1585    .text.svcRtxThreadExit  BUILD/DISCO_H747I/ARMC6/mbed-os/cmsis/CMSIS_5/CMSIS/RTOS2/RTX/Source/rtx_thread.o
    0x0800be0a   0x00000006   PAD
    0x0800be10   0x00000008   Code   RO         1507    .text.svcRtxThreadGetId  BUILD/DISCO_H747I/ARMC6/mbed-os/cmsis/CMSIS_5/CMSIS/RTOS2/RTX/Source/rtx_thread.o
    0x0800be18   0x00000232   Code   RO         1495    .text.svcRtxThreadNew  BUILD/DISCO_H747I/ARMC6/mbed-os/cmsis/CMSIS_5/CMSIS/RTOS2/RTX/Source/rtx_thread.o
    0x0800c04a   0x00000006   PAD
    0x0800c050   0x00000008   Code   RO         9578    .text.thread_sleep_for  BUILD/DISCO_H747I/ARMC6/mbed-os/platform/source/mbed_thread.o
    0x0800c058   0x00000016   Code   RO         1805    .text.thread_terminate_hook  BUILD/DISCO_H747I/ARMC6/mbed-os/cmsis/device/rtos/source/mbed_rtx_handlers.o
    0x0800c06e   0x00000002   PAD
    0x0800c070   0x00000036   Code   RO         8268    .text.ticker_insert_event_us  BUILD/DISCO_H747I/ARMC6/mbed-os/hal/source/mbed_ticker_api.o
    0x0800c0a6   0x00000002   PAD
    0x0800c0a8   0x0000006e   Code   RO         8256    .text.ticker_irq_handler  BUILD/DISCO_H747I/ARMC6/mbed-os/hal/source/mbed_ticker_api.o
    0x0800c116   0x00000002   PAD
    0x0800c118   0x00000022   Code   RO         8274    .text.ticker_read_us  BUILD/DISCO_H747I/ARMC6/mbed-os/hal/source/mbed_ticker_api.o
    0x0800c13a   0x00000006   PAD
    0x0800c140   0x00000038   Code   RO         8270    .text.ticker_remove_event  BUILD/DISCO_H747I/ARMC6/mbed-os/hal/source/mbed_ticker_api.o
    0x0800c178   0x0000001c   Code   RO         8250    .text.ticker_set_handler  BUILD/DISCO_H747I/ARMC6/mbed-os/hal/source/mbed_ticker_api.o
    0x0800c194   0x00000004   PAD
    0x0800c198   0x00000036   Code   RO        19568    .text.timer_irq_handler  BUILD/DISCO_H747I/ARMC6/mbed-os/targets/TARGET_STM/us_ticker.o
    0x0800c1ce   0x00000002   PAD
    0x0800c1d0   0x0000002c   Code   RO         1787    .text.trap_rtx_error  BUILD/DISCO_H747I/ARMC6/mbed-os/cmsis/device/rtos/source/mbed_rtx_handlers.o
    0x0800c1fc   0x00000004   PAD
    0x0800c200   0x00000010   Code   RO        18649    .text.uart1_irq     BUILD/DISCO_H747I/ARMC6/mbed-os/targets/TARGET_STM/TARGET_STM32H7/serial_device.o
    0x0800c210   0x00000010   Code   RO        18651    .text.uart2_irq     BUILD/DISCO_H747I/ARMC6/mbed-os/targets/TARGET_STM/TARGET_STM32H7/serial_device.o
    0x0800c220   0x00000010   Code   RO        18653    .text.uart3_irq     BUILD/DISCO_H747I/ARMC6/mbed-os/targets/TARGET_STM/TARGET_STM32H7/serial_device.o
    0x0800c230   0x00000010   Code   RO        18655    .text.uart4_irq     BUILD/DISCO_H747I/ARMC6/mbed-os/targets/TARGET_STM/TARGET_STM32H7/serial_device.o
    0x0800c240   0x00000010   Code   RO        18657    .text.uart5_irq     BUILD/DISCO_H747I/ARMC6/mbed-os/targets/TARGET_STM/TARGET_STM32H7/serial_device.o
    0x0800c250   0x00000010   Code   RO        18659    .text.uart6_irq     BUILD/DISCO_H747I/ARMC6/mbed-os/targets/TARGET_STM/TARGET_STM32H7/serial_device.o
    0x0800c260   0x00000010   Code   RO        18661    .text.uart7_irq     BUILD/DISCO_H747I/ARMC6/mbed-os/targets/TARGET_STM/TARGET_STM32H7/serial_device.o
    0x0800c270   0x00000010   Code   RO        18663    .text.uart8_irq     BUILD/DISCO_H747I/ARMC6/mbed-os/targets/TARGET_STM/TARGET_STM32H7/serial_device.o
    0x0800c280   0x00000098   Code   RO        18683    .text.uart_irq      BUILD/DISCO_H747I/ARMC6/mbed-os/targets/TARGET_STM/TARGET_STM32H7/serial_device.o
    0x0800c318   0x0000008c   Code   RO         8258    .text.update_present_time  BUILD/DISCO_H747I/ARMC6/mbed-os/hal/source/mbed_ticker_api.o
    0x0800c3a4   0x00000004   PAD
    0x0800c3a8   0x00000012   Code   RO        19592    .text.us_ticker_clear_interrupt  BUILD/DISCO_H747I/ARMC6/mbed-os/targets/TARGET_STM/us_ticker.o
    0x0800c3ba   0x00000006   PAD
    0x0800c3c0   0x00000014   Code   RO        19590    .text.us_ticker_disable_interrupt  BUILD/DISCO_H747I/ARMC6/mbed-os/targets/TARGET_STM/us_ticker.o
    0x0800c3d4   0x00000004   PAD
    0x0800c3d8   0x00000022   Code   RO        19586    .text.us_ticker_fire_interrupt  BUILD/DISCO_H747I/ARMC6/mbed-os/targets/TARGET_STM/us_ticker.o
    0x0800c3fa   0x00000006   PAD
    0x0800c400   0x0000000a   Code   RO        19566    .text.us_ticker_get_info  BUILD/DISCO_H747I/ARMC6/mbed-os/targets/TARGET_STM/us_ticker.o
    0x0800c40a   0x00000006   PAD
    0x0800c410   0x0000001c   Code   RO        19580    .text.us_ticker_init  BUILD/DISCO_H747I/ARMC6/mbed-os/targets/TARGET_STM/us_ticker.o
    0x0800c42c   0x00000004   PAD
    0x0800c430   0x0000001e   Code   RO         8302    .text.us_ticker_irq_handler  BUILD/DISCO_H747I/ARMC6/mbed-os/hal/source/mbed_us_ticker_api.o
    0x0800c44e   0x00000002   PAD
    0x0800c450   0x0000000c   Code   RO        19582    .text.us_ticker_read  BUILD/DISCO_H747I/ARMC6/mbed-os/targets/TARGET_STM/us_ticker.o
    0x0800c45c   0x00000004   PAD
    0x0800c460   0x0000001c   Code   RO        19584    .text.us_ticker_set_interrupt  BUILD/DISCO_H747I/ARMC6/mbed-os/targets/TARGET_STM/us_ticker.o
    0x0800c47c   0x00000004   PAD
    0x0800c480   0x00000032   Code   RO         9357    .text.write         BUILD/DISCO_H747I/ARMC6/mbed-os/platform/source/mbed_retarget.o
    0x0800c4b2   0x0000001a   Code   RO        19733    i.fputc             /home/jojo/.config/Mbed Studio/mbed-studio-tools/ac6/bin/../lib/armlib/c_w.l(fputc.o)
    0x0800c4cc   0x000000a2   Code   RO        19820    x$fpl$dfltll        /home/jojo/.config/Mbed Studio/mbed-studio-tools/ac6/bin/../lib/armlib/fz_wv.l(dfltll_clz.o)
    0x0800c56e   0x0000009c   Code   RO        20029    x$fpl$dnaninf       /home/jojo/.config/Mbed Studio/mbed-studio-tools/ac6/bin/../lib/armlib/fz_wv.l(dnaninf.o)
    0x0800c60a   0x0000001a   Code   RO        20143    x$fpl$fpinit        /home/jojo/.config/Mbed Studio/mbed-studio-tools/ac6/bin/../lib/armlib/fz_wv.l(fpinit.o)
    0x0800c624   0x000000c2   Code   RO        19816    x$fpl$llsfromd      /home/jojo/.config/Mbed Studio/mbed-studio-tools/ac6/bin/../lib/armlib/fz_wv.l(dfixll.o)
    0x0800c6e6   0x00000000   Code   RO        20033    x$fpl$usenofp       /home/jojo/.config/Mbed Studio/mbed-studio-tools/ac6/bin/../lib/armlib/fz_wv.l(usenofp.o)
    0x0800c6e6   0x00000002   PAD
    0x0800c6e8   0x000000a8   Data   RO         1122    .rodata             BUILD/DISCO_H747I/ARMC6/mbed-os/cmsis/CMSIS_5/CMSIS/RTOS2/RTX/Source/rtx_lib.o
    0x0800c790   0x00000010   Data   RO         1769    .rodata..L__const.mbed_rtos_init_singleton_mutex.singleton_mutex_attr  BUILD/DISCO_H747I/ARMC6/mbed-os/cmsis/device/rtos/source/mbed_rtos_rtx.o
    0x0800c7a0   0x00000010   Data   RO        18494    .rodata.D1CorePrescTable  BUILD/DISCO_H747I/ARMC6/mbed-os/targets/TARGET_STM/TARGET_STM32H7/STM32Cube_FW/system_stm32h7xx_dualcore_boot_cm4_cm7.o
    0x0800c7b0   0x00000028   Data   RO        19159    .rodata.PinMapAnalogSwitch  BUILD/DISCO_H747I/ARMC6/mbed-os/targets/TARGET_STM/pinmap.o
    0x0800c7d8   0x0000015c   Data   RO        18511    .rodata.PinMap_UART_RX  BUILD/DISCO_H747I/ARMC6/mbed-os/targets/TARGET_STM/TARGET_STM32H7/TARGET_STM32H747xI/TARGET_DISCO_H747I/PeripheralPins.o
    0x0800c934   0x00000150   Data   RO        18510    .rodata.PinMap_UART_TX  BUILD/DISCO_H747I/ARMC6/mbed-os/targets/TARGET_STM/TARGET_STM32H7/TARGET_STM32H747xI/TARGET_DISCO_H747I/PeripheralPins.o
    0x0800ca84   0x00000018   Data   RO        16825    .rodata.UARTPrescTable  BUILD/DISCO_H747I/ARMC6/mbed-os/targets/TARGET_STM/TARGET_STM32H7/STM32Cube_FW/STM32H7xx_HAL_Driver/stm32h7xx_hal_uart.o
    0x0800ca9c   0x00000050   Data   RO         8611    .rodata._ZTVN4mbed10FileHandleE  BUILD/DISCO_H747I/ARMC6/mbed-os/platform/source/FileHandle.o
    0x0800caec   0x00000018   Data   RO         5711    .rodata._ZTVN4mbed10SerialBaseE  BUILD/DISCO_H747I/ARMC6/mbed-os/drivers/source/SerialBase.o
    0x0800cb04   0x0000000c   Data   RO         5866    .rodata._ZTVN4mbed10TimerEventE  BUILD/DISCO_H747I/ARMC6/mbed-os/drivers/source/TimerEvent.o
    0x0800cb10   0x00000098   Data   RO         4787    .rodata._ZTVN4mbed14BufferedSerialE  BUILD/DISCO_H747I/ARMC6/mbed-os/drivers/source/BufferedSerial.o
    0x0800cba8   0x0000000c   Data   RO         8889    .rodata._ZTVN4mbed8internal8SysTimerINSt3__25ratioILx1ELx1000EEELb1EEE  BUILD/DISCO_H747I/ARMC6/mbed-os/platform/source/SysTimer.o
    0x0800cbb4   0x00000018   Data   RO         9497    .rodata._ZZL15default_consolevE14console_pinmap  BUILD/DISCO_H747I/ARMC6/mbed-os/platform/source/mbed_retarget.o
    0x0800cbcc   0x00000008   Data   RO         9483    .rodata.__stderr_name  BUILD/DISCO_H747I/ARMC6/mbed-os/platform/source/mbed_retarget.o
    0x0800cbd4   0x00000007   Data   RO         9481    .rodata.__stdin_name  BUILD/DISCO_H747I/ARMC6/mbed-os/platform/source/mbed_retarget.o
    0x0800cbdb   0x00000008   Data   RO         9482    .rodata.__stdout_name  BUILD/DISCO_H747I/ARMC6/mbed-os/platform/source/mbed_retarget.o
    0x0800cbe3   0x00000001   PAD
    0x0800cbe4   0x00000040   Data   RO        19160    .rodata.ll_pin_defines  BUILD/DISCO_H747I/ARMC6/mbed-os/targets/TARGET_STM/pinmap.o
    0x0800cc24   0x00000008   Data   RO         8175    .rodata.lp_data     BUILD/DISCO_H747I/ARMC6/mbed-os/hal/source/mbed_lp_ticker_api.o
    0x0800cc2c   0x00000024   Data   RO         8177    .rodata.lp_interface  BUILD/DISCO_H747I/ARMC6/mbed-os/hal/source/mbed_lp_ticker_api.o
    0x0800cc50   0x00000008   Data   RO        19060    .rodata.lp_ticker_get_info.info  BUILD/DISCO_H747I/ARMC6/mbed-os/targets/TARGET_STM/lp_ticker.o
    0x0800cc58   0x00000004   Data   RO         1124    .rodata.osRtxUserSVC  BUILD/DISCO_H747I/ARMC6/mbed-os/cmsis/CMSIS_5/CMSIS/RTOS2/RTX/Source/rtx_lib.o
    0x0800cc5c   0x00000024   Data   RO         1119    .rodata.os_idle_thread_attr  BUILD/DISCO_H747I/ARMC6/mbed-os/cmsis/CMSIS_5/CMSIS/RTOS2/RTX/Source/rtx_lib.o
    0x0800cc80   0x00000018   Data   RO         1121    .rodata.os_timer_mq_attr  BUILD/DISCO_H747I/ARMC6/mbed-os/cmsis/CMSIS_5/CMSIS/RTOS2/RTX/Source/rtx_lib.o
    0x0800cc98   0x00000024   Data   RO         1120    .rodata.os_timer_thread_attr  BUILD/DISCO_H747I/ARMC6/mbed-os/cmsis/CMSIS_5/CMSIS/RTOS2/RTX/Source/rtx_lib.o
    0x0800ccbc   0x00000013   Data   RO         1125    .rodata.str1.1      BUILD/DISCO_H747I/ARMC6/mbed-os/cmsis/CMSIS_5/CMSIS/RTOS2/RTX/Source/rtx_lib.o
    0x0800cccf   0x00000010   Data   RO         1767    .rodata.str1.1      BUILD/DISCO_H747I/ARMC6/mbed-os/cmsis/device/rtos/source/mbed_rtos_rtx.o
    0x0800ccdf   0x00000138   Data   RO         1812    .rodata.str1.1      BUILD/DISCO_H747I/ARMC6/mbed-os/cmsis/device/rtos/source/mbed_rtx_handlers.o
    0x0800ce17   0x00000035   Data   RO         1855    .rodata.str1.1      BUILD/DISCO_H747I/ARMC6/mbed-os/cmsis/device/rtos/source/mbed_rtx_idle.o
    0x0800ce4c   0x00000056   Data   RO         5580    .rodata.str1.1      BUILD/DISCO_H747I/ARMC6/mbed-os/drivers/source/SPI.o
    0x0800cea2   0x0000003b   Data   RO         6262    .rodata.str1.1      BUILD/DISCO_H747I/ARMC6/mbed-os/drivers/usb/source/USBAudio.o
    0x0800cedd   0x0000004e   Data   RO         8739    .rodata.str1.1      BUILD/DISCO_H747I/ARMC6/mbed-os/platform/source/SysTimer.o
    0x0800cf2b   0x000000e0   Data   RO         8901    .rodata.str1.1      BUILD/DISCO_H747I/ARMC6/mbed-os/platform/source/TARGET_CORTEX_M/mbed_fault_handler.o
    0x0800d00b   0x00000159   Data   RO         9141    .rodata.str1.1      BUILD/DISCO_H747I/ARMC6/mbed-os/platform/source/mbed_error.o
    0x0800d164   0x00000063   Data   RO         9491    .rodata.str1.1      BUILD/DISCO_H747I/ARMC6/mbed-os/platform/source/mbed_retarget.o
    0x0800d1c7   0x00000012   Data   RO         9910    .rodata.str1.1      BUILD/DISCO_H747I/ARMC6/mbed-os/rtos/source/Mutex.o
    0x0800d1d9   0x00000034   Data   RO         9994    .rodata.str1.1      BUILD/DISCO_H747I/ARMC6/mbed-os/rtos/source/ThisThread.o
    0x0800d20d   0x0000002a   Data   RO        19357    .rodata.str1.1      BUILD/DISCO_H747I/ARMC6/mbed-os/targets/TARGET_STM/serial_api.o
    0x0800d237   0x00000001   PAD
    0x0800d238   0x0000000b   Data   RO         1106    .rodata.str1.4      BUILD/DISCO_H747I/ARMC6/mbed-os/cmsis/CMSIS_5/CMSIS/RTOS2/RTX/Source/rtx_kernel.o
    0x0800d243   0x00000001   PAD
    0x0800d244   0x00000008   Data   RO         8306    .rodata.us_data     BUILD/DISCO_H747I/ARMC6/mbed-os/hal/source/mbed_us_ticker_api.o
    0x0800d24c   0x00000024   Data   RO         8308    .rodata.us_interface  BUILD/DISCO_H747I/ARMC6/mbed-os/hal/source/mbed_us_ticker_api.o
    0x0800d270   0x00000008   Data   RO        19600    .rodata.us_ticker_get_info.info  BUILD/DISCO_H747I/ARMC6/mbed-os/targets/TARGET_STM/us_ticker.o
    0x0800d278   0x00000020   Data   RO        20298    Region$$Table       anon$$obj.o
    0x0800d298   0x00000004   Data   RO        10205    .init_array         BUILD/DISCO_H747I/ARMC6/mbed-os/storage/blockdevice/COMPONENT_QSPIF/source/QSPIFBlockDevice.o
    0x0800d29c   0x00000000   Data   RO        19811    .init_array         /home/jojo/.config/Mbed Studio/mbed-studio-tools/ac6/bin/../lib/armlib/c_w.l(init_aeabi.o)


    Execution Region RW_IRAM1 (Base: 0x24000000, Size: 0x00002aac, Max: 0xffffffff, ABSOLUTE)

    Base Addr    Size         Type   Attr      Idx    E Section Name        Object

    0x24000000   0x00000004   Data   RW        19749    .data               /home/jojo/.config/Mbed Studio/mbed-studio-tools/ac6/bin/../lib/armlib/c_w.l(stdio_streams.o)
    0x24000004   0x00000004   Data   RW        19750    .data               /home/jojo/.config/Mbed Studio/mbed-studio-tools/ac6/bin/../lib/armlib/c_w.l(stdio_streams.o)
    0x24000008   0x00000004   Data   RW        19751    .data               /home/jojo/.config/Mbed Studio/mbed-studio-tools/ac6/bin/../lib/armlib/c_w.l(stdio_streams.o)
    0x2400000c   0x00000004   Data   RW        19952    .data               /home/jojo/.config/Mbed Studio/mbed-studio-tools/ac6/bin/../lib/armlib/c_w.l(streamlock.o)
    0x24000010   0x00000004   Data   RW        18492    .data.SystemCoreClock  BUILD/DISCO_H747I/ARMC6/mbed-os/targets/TARGET_STM/TARGET_STM32H7/STM32Cube_FW/system_stm32h7xx_dualcore_boot_cm4_cm7.o
    0x24000014   0x00000004   Data   RW        18493    .data.SystemD2Clock  BUILD/DISCO_H747I/ARMC6/mbed-os/targets/TARGET_STM/TARGET_STM32H7/STM32Cube_FW/system_stm32h7xx_dualcore_boot_cm4_cm7.o
    0x24000018   0x00000040   Data   RW         9496    .data._ZL11filehandles  BUILD/DISCO_H747I/ARMC6/mbed-os/platform/source/mbed_retarget.o
    0x24000058   0x00000004   Data   RW         1856    .data._ZL14idle_hook_fptr  BUILD/DISCO_H747I/ARMC6/mbed-os/cmsis/device/rtos/source/mbed_rtx_idle.o
    0x2400005c   0x00000004   Data   RW         8176    .data.irq_handler   BUILD/DISCO_H747I/ARMC6/mbed-os/hal/source/mbed_lp_ticker_api.o
    0x24000060   0x00000004   Data   RW         8307    .data.irq_handler   BUILD/DISCO_H747I/ARMC6/mbed-os/hal/source/mbed_us_ticker_api.o
    0x24000064   0x000000a4   Data   RW         1107    .data.os            BUILD/DISCO_H747I/ARMC6/mbed-os/cmsis/CMSIS_5/CMSIS/RTOS2/RTX/Source/rtx_kernel.o
    0x24000108   0x00000004   Data   RW        11980    .data.uwTickPrio    BUILD/DISCO_H747I/ARMC6/mbed-os/targets/TARGET_STM/TARGET_STM32H7/STM32Cube_FW/STM32H7xx_HAL_Driver/stm32h7xx_hal.o
    0x2400010c   0x00000054   Zero   RW        19746    .bss                /home/jojo/.config/Mbed Studio/mbed-studio-tools/ac6/bin/../lib/armlib/c_w.l(stdio_streams.o)
    0x24000160   0x00000054   Zero   RW        19747    .bss                /home/jojo/.config/Mbed Studio/mbed-studio-tools/ac6/bin/../lib/armlib/c_w.l(stdio_streams.o)
    0x240001b4   0x00000054   Zero   RW        19748    .bss                /home/jojo/.config/Mbed Studio/mbed-studio-tools/ac6/bin/../lib/armlib/c_w.l(stdio_streams.o)
    0x24000208   0x00000060   Zero   RW        19880    .bss                /home/jojo/.config/Mbed Studio/mbed-studio-tools/ac6/bin/../lib/armlib/c_w.l(libspace.o)
    0x24000268   0x00000001   Zero   RW        19068    .bss.LPTICKER_inited  BUILD/DISCO_H747I/ARMC6/mbed-os/targets/TARGET_STM/lp_ticker.o
    0x24000269   0x00000003   PAD
    0x2400026c   0x00000038   Zero   RW        19069    .bss.LptimHandle    BUILD/DISCO_H747I/ARMC6/mbed-os/targets/TARGET_STM/lp_ticker.o
    0x240002a4   0x0000004c   Zero   RW        19601    .bss.TimMasterHandle  BUILD/DISCO_H747I/ARMC6/mbed-os/targets/TARGET_STM/us_ticker.o
    0x240002f0   0x00000004   Zero   RW         9499    .bss._ZGVZL15default_consolevE7console  BUILD/DISCO_H747I/ARMC6/mbed-os/platform/source/mbed_retarget.o
    0x240002f4   0x00000010   Zero   RW         9489    .bss._ZL13stdio_in_prev  BUILD/DISCO_H747I/ARMC6/mbed-os/platform/source/mbed_retarget.o
    0x24000304   0x00000010   Zero   RW         9490    .bss._ZL14stdio_out_prev  BUILD/DISCO_H747I/ARMC6/mbed-os/platform/source/mbed_retarget.o
    0x24000314   0x00000028   Zero   RW         9486    .bss._ZL16filehandle_mutex  BUILD/DISCO_H747I/ARMC6/mbed-os/platform/source/mbed_retarget.o
    0x2400033c   0x00000004   Zero   RW        10202    .bss._ZN16QSPIFBlockDevice28_active_qspif_flash_csel_arrE  BUILD/DISCO_H747I/ARMC6/mbed-os/storage/blockdevice/COMPONENT_QSPIF/source/QSPIFBlockDevice.o
    0x24000340   0x00000004   Zero   RW         8597    .bss._ZN4mbed8FileBase5_headE  BUILD/DISCO_H747I/ARMC6/mbed-os/platform/source/FileBase.o
    0x24000344   0x00000028   Zero   RW         8598    .bss._ZN4mbed8FileBase6_mutexE  BUILD/DISCO_H747I/ARMC6/mbed-os/platform/source/FileBase.o
    0x2400036c   0x00000004   Zero   RW         8599    .bss._ZN4mbed8FileBase8_defaultE  BUILD/DISCO_H747I/ARMC6/mbed-os/platform/source/FileBase.o
    0x24000370   0x00000048   Zero   RW         9237    .bss._ZN4mbed8internal12_GLOBAL__N_113os_timer_dataE  BUILD/DISCO_H747I/ARMC6/mbed-os/platform/source/mbed_os_timer.o
    0x240003b8   0x00000004   Zero   RW         9236    .bss._ZN4mbed8internal8os_timerE  BUILD/DISCO_H747I/ARMC6/mbed-os/platform/source/mbed_os_timer.o
    0x240003bc   0x000002d4   Zero   RW         9498    .bss._ZZL15default_consolevE7console  BUILD/DISCO_H747I/ARMC6/mbed-os/platform/source/mbed_retarget.o
    0x24000690   0x00001000   Zero   RW         1764    .bss._main_stack    BUILD/DISCO_H747I/ARMC6/mbed-os/cmsis/device/rtos/source/mbed_rtos_rtx.o
    0x24001690   0x00000024   Zero   RW         1765    .bss._main_thread_attr  BUILD/DISCO_H747I/ARMC6/mbed-os/cmsis/device/rtos/source/mbed_rtos_rtx.o
    0x240016b4   0x00000020   Zero   RW         1723    .bss._static_mutexes  BUILD/DISCO_H747I/ARMC6/mbed-os/cmsis/device/rtos/TOOLCHAIN_ARM_STD/mbed_boot_arm_std.o
    0x240016d4   0x000000e0   Zero   RW         1724    .bss._static_mutexes_mem  BUILD/DISCO_H747I/ARMC6/mbed-os/cmsis/device/rtos/TOOLCHAIN_ARM_STD/mbed_boot_arm_std.o
    0x240017b4   0x00000008   Zero   RW        18799    .bss.can_irq_contexts  BUILD/DISCO_H747I/ARMC6/mbed-os/targets/TARGET_STM/can_api.o
    0x240017bc   0x00000001   Zero   RW         8110    .bss.critical_interrupts_enabled  BUILD/DISCO_H747I/ARMC6/mbed-os/hal/source/mbed_critical_section_api.o
    0x240017bd   0x00000003   PAD
    0x240017c0   0x00000004   Zero   RW         9079    .bss.critical_section_reentrancy_counter  BUILD/DISCO_H747I/ARMC6/mbed-os/platform/source/mbed_critical.o
    0x240017c4   0x00000002   Zero   RW         9294    .bss.deep_sleep_lock  BUILD/DISCO_H747I/ARMC6/mbed-os/platform/source/mbed_power_mgmt.o
    0x240017c6   0x00000002   PAD
    0x240017c8   0x00000004   Zero   RW         9138    .bss.error_count    BUILD/DISCO_H747I/ARMC6/mbed-os/platform/source/mbed_error.o
    0x240017cc   0x00000004   Zero   RW         9139    .bss.error_hook     BUILD/DISCO_H747I/ARMC6/mbed-os/platform/source/mbed_error.o
    0x240017d0   0x00000038   Zero   RW         8178    .bss.events         BUILD/DISCO_H747I/ARMC6/mbed-os/hal/source/mbed_lp_ticker_api.o
    0x24001808   0x00000038   Zero   RW         8309    .bss.events         BUILD/DISCO_H747I/ARMC6/mbed-os/hal/source/mbed_us_ticker_api.o
    0x24001840   0x00000034   Zero   RW         9137    .bss.first_error_ctx  BUILD/DISCO_H747I/ARMC6/mbed-os/platform/source/mbed_error.o
    0x24001874   0x00000001   Zero   RW        19063    .bss.future_event_flag  BUILD/DISCO_H747I/ARMC6/mbed-os/targets/TARGET_STM/lp_ticker.o
    0x24001875   0x00000001   Zero   RW         9140    .bss.halt_in_progress  BUILD/DISCO_H747I/ARMC6/mbed-os/platform/source/mbed_error.o
    0x24001876   0x00000002   PAD
    0x24001878   0x0000001c   Zero   RW          484    .bss.hlcd_dsi       BUILD/DISCO_H747I/ARMC6/disco_h747i/Drivers/BSP/STM32H747I-DISCO/stm32h747i_discovery_lcd.o
    0x24001894   0x000000a8   Zero   RW          482    .bss.hlcd_ltdc      BUILD/DISCO_H747I/ARMC6/disco_h747i/Drivers/BSP/STM32H747I-DISCO/stm32h747i_discovery_lcd.o
    0x2400193c   0x00000004   Zero   RW        18686    .bss.irq_handler    BUILD/DISCO_H747I/ARMC6/mbed-os/targets/TARGET_STM/TARGET_STM32H7/serial_device.o
    0x24001940   0x00000004   Zero   RW        18798    .bss.irq_handler    BUILD/DISCO_H747I/ARMC6/mbed-os/targets/TARGET_STM/can_api.o
    0x24001944   0x00000034   Zero   RW         9136    .bss.last_error_ctx  BUILD/DISCO_H747I/ARMC6/mbed-os/platform/source/mbed_error.o
    0x24001978   0x00000001   Zero   RW        19061    .bss.lp_Fired       BUILD/DISCO_H747I/ARMC6/mbed-os/targets/TARGET_STM/lp_ticker.o
    0x24001979   0x00000001   Zero   RW        19065    .bss.lp_cmpok       BUILD/DISCO_H747I/ARMC6/mbed-os/targets/TARGET_STM/lp_ticker.o
    0x2400197a   0x00000002   PAD
    0x2400197c   0x00000004   Zero   RW        19066    .bss.lp_delayed_counter  BUILD/DISCO_H747I/ARMC6/mbed-os/targets/TARGET_STM/lp_ticker.o
    0x24001980   0x00000001   Zero   RW        19062    .bss.lp_delayed_prog  BUILD/DISCO_H747I/ARMC6/mbed-os/targets/TARGET_STM/lp_ticker.o
    0x24001981   0x00000001   Zero   RW         9135    .bss.mbed_error_in_progress  BUILD/DISCO_H747I/ARMC6/mbed-os/platform/source/mbed_error.o
    0x24001982   0x00000002   PAD
    0x24001984   0x00000054   Zero   RW         8902    .bss.mbed_fault_context  BUILD/DISCO_H747I/ARMC6/mbed-os/platform/source/TARGET_CORTEX_M/mbed_fault_handler.o
    0x240019d8   0x00000004   Zero   RW         9485    .bss.mbed_heap_size  BUILD/DISCO_H747I/ARMC6/mbed-os/platform/source/mbed_retarget.o
    0x240019dc   0x00000004   Zero   RW         9484    .bss.mbed_heap_start  BUILD/DISCO_H747I/ARMC6/mbed-os/platform/source/mbed_retarget.o
    0x240019e0   0x00000004   Zero   RW        19115    .bss.mbed_sdk_inited  BUILD/DISCO_H747I/ARMC6/mbed-os/targets/TARGET_STM/mbed_overrides.o
    0x240019e4   0x00000004   Zero   RW         1749    .bss.mbed_stack_isr_size  BUILD/DISCO_H747I/ARMC6/mbed-os/cmsis/device/rtos/source/mbed_boot.o
    0x240019e8   0x00000004   Zero   RW         1748    .bss.mbed_stack_isr_start  BUILD/DISCO_H747I/ARMC6/mbed-os/cmsis/device/rtos/source/mbed_boot.o
    0x240019ec   0x00000040   Zero   RW         1118    .bss.os             BUILD/DISCO_H747I/ARMC6/mbed-os/cmsis/CMSIS_5/CMSIS/RTOS2/RTX/Source/rtx_lib.o
    0x24001a2c   0x000001f0   Zero   RW         1722    .bss.os.libspace    BUILD/DISCO_H747I/ARMC6/mbed-os/cmsis/device/rtos/TOOLCHAIN_ARM_STD/mbed_boot_arm_std.o
    0x24001c1c   0x00000034   Zero   RW         1129    .bss.os.msgqueue.cb  BUILD/DISCO_H747I/ARMC6/mbed-os/cmsis/CMSIS_5/CMSIS/RTOS2/RTX/Source/rtx_lib.o
    0x24001c50   0x00000050   Zero   RW         1130    .bss.os.msgqueue.mem  BUILD/DISCO_H747I/ARMC6/mbed-os/cmsis/CMSIS_5/CMSIS/RTOS2/RTX/Source/rtx_lib.o
    0x24001ca0   0x00000088   Zero   RW         1126    .bss.os.thread.cb   BUILD/DISCO_H747I/ARMC6/mbed-os/cmsis/CMSIS_5/CMSIS/RTOS2/RTX/Source/rtx_lib.o
    0x24001d28   0x00000044   Zero   RW         1766    .bss.os.thread.cb   BUILD/DISCO_H747I/ARMC6/mbed-os/cmsis/device/rtos/source/mbed_rtos_rtx.o
    0x24001d6c   0x00000004   PAD
    0x24001d70   0x00000380   Zero   RW         1127    .bss.os.thread.idle.stack  BUILD/DISCO_H747I/ARMC6/mbed-os/cmsis/CMSIS_5/CMSIS/RTOS2/RTX/Source/rtx_lib.o
    0x240020f0   0x00000300   Zero   RW         1128    .bss.os.thread.timer.stack  BUILD/DISCO_H747I/ARMC6/mbed-os/cmsis/CMSIS_5/CMSIS/RTOS2/RTX/Source/rtx_lib.o
    0x240023f0   0x00000001   Zero   RW         1725    .bss.os_kernel_is_active.os_kernel_active  BUILD/DISCO_H747I/ARMC6/mbed-os/cmsis/device/rtos/TOOLCHAIN_ARM_STD/mbed_boot_arm_std.o
    0x240023f1   0x00000001   PAD
    0x240023f2   0x00000002   Zero   RW        18902    .bss.prev_tick_remainder  BUILD/DISCO_H747I/ARMC6/mbed-os/targets/TARGET_STM/hal_tick_overrides.o
    0x240023f4   0x00000004   Zero   RW        18901    .bss.prev_time      BUILD/DISCO_H747I/ARMC6/mbed-os/targets/TARGET_STM/hal_tick_overrides.o
    0x240023f8   0x00000001   Zero   RW        19064    .bss.roll_over_flag  BUILD/DISCO_H747I/ARMC6/mbed-os/targets/TARGET_STM/lp_ticker.o
    0x240023f9   0x00000003   PAD
    0x240023fc   0x0000002c   Zero   RW        18685    .bss.serial_irq_ids  BUILD/DISCO_H747I/ARMC6/mbed-os/targets/TARGET_STM/TARGET_STM32H7/serial_device.o
    0x24002428   0x00000004   Zero   RW         1770    .bss.singleton_mutex_id  BUILD/DISCO_H747I/ARMC6/mbed-os/cmsis/device/rtos/source/mbed_rtos_rtx.o
    0x2400242c   0x0000001c   Zero   RW         1768    .bss.singleton_mutex_obj  BUILD/DISCO_H747I/ARMC6/mbed-os/cmsis/device/rtos/source/mbed_rtos_rtx.o
    0x24002448   0x00000001   Zero   RW        19067    .bss.sleep_manager_locked  BUILD/DISCO_H747I/ARMC6/mbed-os/targets/TARGET_STM/lp_ticker.o
    0x24002449   0x00000001   Zero   RW         8109    .bss.state_saved    BUILD/DISCO_H747I/ARMC6/mbed-os/hal/source/mbed_critical_section_api.o
    0x2400244a   0x00000002   PAD
    0x2400244c   0x00000024   Zero   RW        19356    .bss.stdio_uart     BUILD/DISCO_H747I/ARMC6/mbed-os/targets/TARGET_STM/serial_api.o
    0x24002470   0x00000004   Zero   RW        19355    .bss.stdio_uart_inited  BUILD/DISCO_H747I/ARMC6/mbed-os/targets/TARGET_STM/serial_api.o
    0x24002474   0x00000004   Zero   RW         1811    .bss.terminate_hook  BUILD/DISCO_H747I/ARMC6/mbed-os/cmsis/device/rtos/source/mbed_rtx_handlers.o
    0x24002478   0x00000004   Zero   RW        18903    .bss.total_ticks    BUILD/DISCO_H747I/ARMC6/mbed-os/targets/TARGET_STM/hal_tick_overrides.o
    0x2400247c   0x00000630   Zero   RW        18687    .bss.uart_handlers  BUILD/DISCO_H747I/ARMC6/mbed-os/targets/TARGET_STM/TARGET_STM32H7/serial_device.o


    Execution Region ARM_LIB_HEAP (Base: 0x24002ab0, Size: 0x0007d150, Max: 0x0007d150, ABSOLUTE)

    Base Addr    Size         Type   Attr      Idx    E Section Name        Object

    0x24002ab0   0x0007d150   Zero   RW            1    ARM_LIB_HEAP.bss    anon$$obj.o


    Execution Region ARM_LIB_STACK (Base: 0x2407fc00, Size: 0x00000400, Max: 0x00000400, ABSOLUTE)

    Base Addr    Size         Type   Attr      Idx    E Section Name        Object

    0x2407fc00   0x00000400   Zero   RW            2    ARM_LIB_STACK.bss   anon$$obj.o


    Execution Region RW_DMARxDscrTab (Base: 0x30040000, Size: 0x00000000, Max: 0x00000060, ABSOLUTE)

    **** No section assigned to this execution region ****


    Execution Region RW_DMATxDscrTab (Base: 0x30040100, Size: 0x00000000, Max: 0x00000140, ABSOLUTE)

    **** No section assigned to this execution region ****


    Execution Region RW_Rx_Buffb (Base: 0x30040400, Size: 0x00000000, Max: 0x00001800, ABSOLUTE)

    **** No section assigned to this execution region ****


    Execution Region RW_Eth_Ram (Base: 0x30044000, Size: 0x00000000, Max: 0x00004000, ABSOLUTE)

    **** No section assigned to this execution region ****


==============================================================================

Image component sizes


      Code (inc. data)   RO Data    RW Data    ZI Data      Debug   

     45456       3118       3660        252     523668    2029828   Object Totals
         0          0         32          0     513360          0   (incl. Generated)
      1900         84          3          0         24          0   (incl. Padding)
      4800        270          0         16        348       4800   Library Totals
        16          0          0          0          0          0   (incl. Padding)

==============================================================================


      Code (inc. data)   RO Data    RW Data    ZI Data      Debug   

     50256       3388       3660        268     524016    2030172   Grand Totals
     50256       3388       3660        268     524016    2030172   ELF Image Totals
     50256       3388       3660        268          0          0   ROM Totals

==============================================================================

    Total RO  Size (Code + RO Data)                53916 (  52.65kB)
    Total RW  Size (RW Data + ZI Data)            524284 ( 512.00kB)
    Total ROM Size (Code + RO Data + RW Data)      54184 (  52.91kB)

==============================================================================

